W/PackageManager(  263): Unknown permission com.cyanogenmod.filemanager.permissions.READ_THEME in package com.cyanogenmod.filemanager
W/PackageManager(  263): Not granting permission android.permission.MOUNT_UNMOUNT_FILESYSTEMS to package com.lemon.lemonban (protectionLevel=18 flags=0x248be44)
W/PackageManager(  263): Unknown permission com.android.launcher.permission.READ_SETTINGS in package com.bignox.app.store.hd
W/PackageManager(  263): Unknown permission com.android.launcher.permission.WRITE_SETTINGS in package com.bignox.app.store.hd
I/SystemServer(  263): Entropy Mixer
I/EntropyMixer(  263): Writing entropy...
I/SystemServer(  263): User Service
I/SystemServer(  263): Account Manager
D/dalvikvm(  263): GC_EXPLICIT freed 348K, 10% free 4358K/4832K, paused 1ms+1ms, total 23ms
I/SystemServer(  263): Content Manager
I/SystemServer(  263): System Content Providers
W/SettingsProvider(  263): set ANDROID_ID from persist.nox.androidid
I/SystemServer(  263): Lights Service
I/SystemServer(  263): Battery Service
E/ConsumerIrService(  263): Can't open consumer IR HW Module, error: -2
W/libsuspend(  263): Error writing 'on' to /sys/power/state: Invalid argument
E/libsuspend(  263): Error opening /sys/power/autosleep: No such file or directory
E/libsuspend(  263): Error opening /sys/power/wakeup_count: Permission denied
E/libsuspend(  263): failed to initialize autosuspend
D/PermissionCache(  169): checking android.permission.ACCESS_SURFACE_FLINGER for uid=1000 => granted (412 us)
D/SurfaceFlinger(  169): Screen acquired, type=0 flinger=0xb8360820
D/SurfaceFlinger(  169):  screen was previously acquired
D/AlarmManagerService(  263): Kernel timezone updated to -480 minutes west of GMT
I/SystemServer(  263): Vibrator Service
I/SystemServer(  263): Consumer IR Service
I/SystemServer(  263): Alarm Manager
I/SystemServer(  263): Init Watchdog
I/SystemServer(  263): Input Manager
I/InputManager(  263): Initializing input manager, mUseDevInputEventForAudioJack=false
I/SystemServer(  263): Window Manager
I/WindowManager(  263): No existing display settings /data/system/display_settings.xml; starting empty
D/dalvikvm(  263): GC_CONCURRENT freed 243K, 7% free 4537K/4840K, paused 3ms+8ms, total 53ms
I/WindowManager(  263): No keyguard interface!
D/BluetoothManagerService(  263): Loading stored name and address
D/BluetoothManagerService(  263): Stored bluetooth Name=null,Address=null
I/InputManager(  263): Starting input manager
I/SystemServer(  263): Bluetooth Manager Service
I/SystemServer(  263): Input Method Service
W/InputMethodManagerService(  263): Couldn't create dir.: /data/system/inputmethod
D/EventHub(  263): No input device configuration file found for device 'seamless mouse'.
I/EventHub(  263): New device: id=1, fd=85, path='/dev/input/event9', name='seamless mouse', classes=0x4, configuration='', keyLayout='', keyCharacterMap='', builtinKeyboard=false, usingSuspendBlockIoctl=true, usingClockIoctl=true
E/EventHub(  263): could not get driver version for /dev/input/mouse4, Not a typewriter
I/SystemServer(  263): Accessibility Manager
I/ActivityManager(  263): Config changes=1dfb {1.0 460mcc7mnc zh_CN ldltr sw360dp w360dp h640dp 320dpi nrml long port ?uimode ?night -touch -keyb/v/h -nav/h s.2}
D/SurfaceFlinger(  169): setOrientation, mFbdev=0xb8362de0, mFbDev->setOrientation=0xb6957ce0, orientation=0
I/gralloc_nox(  169): setOrientation: orientation=0
D/EventHub(  263): No input device configuration file found for device 'mouse'.
I/EventHub(  263): New device: id=2, fd=87, path='/dev/input/event8', name='mouse', classes=0x8, configuration='', keyLayout='', keyCharacterMap='', builtinKeyboard=false, usingSuspendBlockIoctl=true, usingClockIoctl=true
E/EventHub(  263): could not get driver version for /dev/input/mouse3, Not a typewriter
I/ActivityManager(  263): Config changes=400 {1.0 460mcc7mnc zh_CN ldltr sw360dp w360dp h615dp 320dpi nrml long port ?uimode ?night -touch -keyb/v/h -nav/h s.3}
I/SystemServer(  263): Mount Service
D/MountService(  263): got storage path: /mnt/sdcard description: SD  primary: true removable: false emulated: true mtpReserve: 100 allowMassStorage: false maxFileSize: 0
D/MountService(  263): addVolumeLocked() StorageVolume:
D/MountService(  263):     mStorageId=65537 mPath=/storage/emulated/0 mDescriptionId=17040662 
D/MountService(  263):     mPrimary=true mRemovable=false mEmulated=true mMtpReserveSpace=100 
D/MountService(  263):     mAllowMassStorage=false mMaxFileSize=0 mOwner=UserHandle{0} mUuid=null 
D/MountService(  263):     mUserLabel=null mState=null 
I/SystemServer(  263): LockSettingsService
I/SystemServer(  263): Device Policy
I/SystemServer(  263): Status Bar
I/SystemServer(  263): Clipboard Service
I/SystemServer(  263): NetworkManagement Service
I/SystemServer(  263): Text Service Manager Service
W/TextServicesManagerService(  263): no available spell checker services found
W/EventHub(  263): Unable to disable kernel key repeat for /dev/input/event7: Function not implemented
I/EventHub(  263): Virtual keyboard mode is |0] [0]
I/EventHub(  263): Vrtual keyboard is set to Hardware mode
I/EventHub(  263): New device: id=3, fd=93, path='/dev/input/event7', name='Android Input', classes=0x37, configuration='/system/usr/idc/Android_Input.idc', keyLayout='/system/usr/keylayout/Android_Input.kl', keyCharacterMap='/system/usr/keychars/Generic.kcm', builtinKeyboard=false, usingSuspendBlockIoctl=true, usingClockIoctl=true
E/EventHub(  263): could not get driver version for /dev/input/mouse2, Not a typewriter
I/SystemServer(  263): NetworkStats Service
I/SystemServer(  263): NetworkPolicy Service
I/SystemServer(  263): Wi-Fi P2pService
I/PackageManager(  263): No secure containers on sdcard
W/PackageManager(  263): Unknown permission com.huawei.authentication.HW_ACCESS_AUTH_SERVICE in package com.tencent.mm
W/PackageManager(  263): Unknown permission com.android.launcher.permission.READ_SETTINGS in package com.tencent.mm
W/PackageManager(  263): Unknown permission com.tencent.mm.location.permission.SEND_VIEW in package com.tencent.mm
W/PackageManager(  263): Unknown permission com.huawei.android.launcher.permission.CHANGE_BADGE in package com.tencent.mm
W/PackageManager(  263): Unknown permission android.permission.WRITE_APP_BADGE in package com.tencent.mm
W/PackageManager(  263): Unknown permission android.permission.REQUEST_IGNORE_BATTERY_OPTIMIZATIONS in package com.tencent.mm
W/PackageManager(  263): Unknown permission android.permission.BODY_SENSORS in package com.tencent.mm
W/PackageManager(  263): Unknown permission com.google.android.c2dm.permission.RECEIVE in package com.tencent.mm
W/PackageManager(  263): Unknown permission com.android.vending.BILLING in package com.tencent.mm
W/PackageManager(  263): Unknown permission android.permission.USE_FINGERPRINT in package com.tencent.mm
W/PackageManager(  263): Unknown permission com.google.android.googleapps.permission.GOOGLE_AUTH in package com.android.settings
W/PackageManager(  263): Unknown permission com.android.launcher.permission.READ_SETTINGS in package com.android.settings
W/PackageManager(  263): Unknown permission com.android.launcher.permission.WRITE_SETTINGS in package com.android.settings
W/PackageManager(  263): Unknown permission com.android.smspush.WAPPUSH_MANAGER_BIND in package com.android.phone
W/PackageManager(  263): Unknown permission com.google.android.googleapps.permission.GOOGLE_AUTH in package com.android.providers.calendar
W/PackageManager(  263): Unknown permission com.google.android.googleapps.permission.GOOGLE_AUTH.cl in package com.android.providers.calendar
W/PackageManager(  263): Unknown permission com.android.launcher.permission.READ_SETTINGS in package com.android.onetimeinitializer
W/PackageManager(  263): Unknown permission com.android.launcher.permission.WRITE_SETTINGS in package com.android.onetimeinitializer
W/PackageManager(  263): Unknown permission com.cyanogenmod.filemanager.permissions.READ_THEME in package com.cyanogenmod.filemanager
W/PackageManager(  263): Not granting permission android.permission.MOUNT_UNMOUNT_FILESYSTEMS to package com.lemon.lemonban (protectionLevel=18 flags=0x248be44)
W/PackageManager(  263): Unknown permission com.android.launcher.permission.READ_SETTINGS in package com.bignox.app.store.hd
W/PackageManager(  263): Unknown permission com.android.launcher.permission.WRITE_SETTINGS in package com.bignox.app.store.hd
D/EventHub(  263): No input device configuration file found for device 'gpio-keys'.
W/EventHub(  263): Unable to disable kernel key repeat for /dev/input/event6: Function not implemented
I/EventHub(  263): Virtual keyboard mode is |0] [0]
I/EventHub(  263): Vrtual keyboard is set to Hardware mode
I/EventHub(  263): New device: id=4, fd=101, path='/dev/input/event6', name='gpio-keys', classes=0x81, configuration='', keyLayout='/system/usr/keylayout/gpio-keys.kl', keyCharacterMap='/system/usr/keychars/gpio-keys.kcm', builtinKeyboard=false, usingSuspendBlockIoctl=true, usingClockIoctl=true
I/EventHub(  263): ignoring event id /dev/input/event5 driver VirtualBox mouse integration
D/EventHub(  263): No input device configuration file found for device 'Sleep Button'.
W/EventHub(  263): Unable to disable kernel key repeat for /dev/input/event1: Function not implemented
I/EventHub(  263): Virtual keyboard mode is |0] [0]
I/EventHub(  263): Vrtual keyboard is set to Hardware mode
I/EventHub(  263): New device: id=5, fd=102, path='/dev/input/event1', name='Sleep Button', classes=0x1, configuration='', keyLayout='/system/usr/keylayout/Generic.kl', keyCharacterMap='/system/usr/keychars/Generic.kcm', builtinKeyboard=false, usingSuspendBlockIoctl=true, usingClockIoctl=true
D/EventHub(  263): No input device configuration file found for device 'Power Button'.
W/EventHub(  263): Unable to disable kernel key repeat for /dev/input/event0: Function not implemented
I/EventHub(  263): Virtual keyboard mode is |0] [0]
I/EventHub(  263): Vrtual keyboard is set to Hardware mode
I/EventHub(  263): New device: id=6, fd=103, path='/dev/input/event0', name='Power Button', classes=0x1, configuration='', keyLayout='/system/usr/keylayout/Generic.kl', keyCharacterMap='/system/usr/keychars/Generic.kcm', builtinKeyboard=false, usingSuspendBlockIoctl=true, usingClockIoctl=true
E/EventHub(  263): could not get driver version for /dev/input/mouse0, Not a typewriter
D/dalvikvm(  263): GC_CONCURRENT freed 332K, 8% free 4718K/5112K, paused 15ms+4ms, total 68ms
D/dalvikvm(  263): WAIT_FOR_CONCURRENT_GC blocked 1ms
I/SystemServer(  263): Wi-Fi Service
I/EventHub(  263): ignoring event id /dev/input/event3 driver ImExPS/2 Generic Explorer Mouse
D/EventHub(  263): No input device configuration file found for device 'AT Translated Set 2 keyboard'.
I/EventHub(  263): Virtual keyboard mode is |0] [0]
I/EventHub(  263): Vrtual keyboard is set to Hardware mode
I/EventHub(  263): New device: id=7, fd=108, path='/dev/input/event2', name='AT Translated Set 2 keyboard', classes=0x3, configuration='', keyLayout='/system/usr/keylayout/AT_Translated_Set_2_keyboard.kl', keyCharacterMap='/system/usr/keychars/Generic.kcm', builtinKeyboard=false, usingSuspendBlockIoctl=true, usingClockIoctl=true
E/EventHub(  263): could not get driver version for /dev/input/mice, Not a typewriter
I/SystemServer(  263): Connectivity Service
D/ConnectivityService(  263): ConnectivityService starting up
D/ConnectivityService(  263): wifiOnly=false
E/ConnectivityService(  263): Ignoring protectedNetwork 10
E/ConnectivityService(  263): Ignoring protectedNetwork 11
E/ConnectivityService(  263): Ignoring protectedNetwork 12
E/ConnectivityService(  263): Ignoring protectedNetwork 14
D/WifiController(  263): WifiController msg { when=0 what=155656 target=com.android.internal.util.StateMachine$SmHandler } deferred for 486ms
E/MobileDataStateTracker(  263): default: Ignoring feature request because could not acquire PhoneService
E/MobileDataStateTracker(  263): default: Could not enable APN type "default"
I/WifiService(  263): WifiService starting up with Wi-Fi enabled
D/WifiService(  263): setWifiEnabled: true pid=263, uid=1000
I/SystemServer(  263): Network Service Discovery Service
D/NsdService(  263): Network service discovery enabled true
I/SystemServer(  263): UpdateLock Service
I/SystemServer(  263): Notification Manager
I/SystemServer(  263): Device Storage Monitor
I/SystemServer(  263): Location Manager
I/SystemServer(  263): Country Detector
I/SystemServer(  263): Search Service
I/SystemServer(  263): DropBox Service
I/SystemServer(  263): Wallpaper Service
I/SystemServer(  263): Audio Service
E/EventHub(  263): could not get driver version for /dev/input/mouse1, Not a typewriter
D/EventHub(  263): No input device configuration file found for device 'VirtualBox USB Tablet'.
I/EventHub(  263): New device: id=8, fd=125, path='/dev/input/event4', name='VirtualBox USB Tablet', classes=0x80000004, configuration='', keyLayout='', keyCharacterMap='', builtinKeyboard=false, usingSuspendBlockIoctl=true, usingClockIoctl=true
I/InputReader(  263): Device added: id=-1, name='Virtual', sources=0x00000301
I/InputReader(  263):   Touch device 'VirtualBox USB Tablet' could not query the properties of its associated display.  The device will be inoperable until the display size becomes available.
I/InputReader(  263): Device added: id=8, name='VirtualBox USB Tablet', sources=0x00001002
I/InputReader(  263): Device added: id=7, name='AT Translated Set 2 keyboard', sources=0x00000101
I/InputReader(  263): Device added: id=6, name='Power Button', sources=0x00000101
I/InputReader(  263): Device added: id=5, name='Sleep Button', sources=0x00000101
I/InputReader(  263): Device added: id=4, name='gpio-keys', sources=0x80000101
I/InputReader(  263):   Touch device 'Android Input' could not query the properties of its associated display.  The device will be inoperable until the display size becomes available.
I/InputReader(  263): Device added: id=3, name='Android Input', sources=0x00001303
I/InputReader(  263): Device added: id=2, name='mouse', sources=0x00002002
I/InputReader(  263):   Touch device 'seamless mouse' could not query the properties of its associated display.  The device will be inoperable until the display size becomes available.
I/InputReader(  263): Device added: id=1, name='seamless mouse', sources=0x00001002
I/ActivityManager(  263): Config changes=78 {1.0 460mcc7mnc zh_CN ldltr sw360dp w360dp h615dp 320dpi nrml long port ?uimode ?night finger qwerty/v/v dpad/v s.4}
D/dalvikvm(  263): GC_CONCURRENT freed 198K, 5% free 5033K/5292K, paused 2ms+18ms, total 25ms
D/dalvikvm(  263): WAIT_FOR_CONCURRENT_GC blocked 8ms
I/InputReader(  263): Reconfiguring input devices.  changes=0x00000004
I/InputReader(  263): Device reconfigured: id=1, name='seamless mouse', size 720x1280, orientation 0, mode 1, display id 0
I/InputReader(  263): Device reconfigured: id=3, name='Android Input', size 720x1280, orientation 0, mode 1, display id 0
I/InputReader(  263): Device reconfigured: id=8, name='VirtualBox USB Tablet', size 720x1280, orientation 0, mode 1, display id 0
D/dalvikvm(  263): WAIT_FOR_CONCURRENT_GC blocked 2ms
D/dalvikvm(  263): WAIT_FOR_CONCURRENT_GC blocked 2ms
I/SystemServer(  263): Dock Observer
W/DockObserver(  263): This kernel does not have dock station support
I/SystemServer(  263): Wired Accessory Manager
W/WiredAccessoryManager(  263): This kernel does not have wired headset support
W/WiredAccessoryManager(  263): This kernel does not have usb audio support
W/WiredAccessoryManager(  263): This kernel does not have HDMI audio support
I/SystemServer(  263): USB Service
I/SystemServer(  263): Serial Service
I/SystemServer(  263): Twilight Service
I/SystemServer(  263): UI Mode Manager Service
I/SystemServer(  263): Backup Service
V/BackupManagerService(  263): Initializing package tracking
V/BackupManagerService(  263): No ancestral data
V/BackupManagerService(  263): addPackageParticipantsLocked: all
I/BackupManagerService(  263): Scheduling backup for new app android
D/BackupManagerService(  263): Now staging backup of android
I/BackupManagerService(  263): Scheduling backup for new app com.android.browser
D/BackupManagerService(  263): Now staging backup of com.android.browser
I/BackupManagerService(  263): Scheduling backup for new app com.android.providers.userdictionary
D/BackupManagerService(  263): Now staging backup of com.android.providers.userdictionary
I/BackupManagerService(  263): Scheduling backup for new app com.android.sharedstoragebackup
D/BackupManagerService(  263): Now staging backup of com.android.sharedstoragebackup
I/BackupManagerService(  263): Scheduling backup for new app com.android.providers.settings
D/BackupManagerService(  263): Now staging backup of com.android.providers.settings
V/BackupManagerService(  263): Starting with transport android/com.android.internal.backup.LocalTransport
V/BackupManagerService(  263): Found transports: 1
I/BackupManagerService(  263): Binding to transport host ComponentInfo{android/com.android.internal.backup.LocalTransportService}
I/BackupManagerService(  263): Found stale backup journal, scheduling
I/BackupManagerService(  263):   android
I/BackupManagerService(  263):   com.android.browser
I/BackupManagerService(  263):   com.android.providers.userdictionary
I/BackupManagerService(  263):   com.android.sharedstoragebackup
I/BackupManagerService(  263):   com.android.providers.settings
I/BackupManagerService(  263): Backup enabled => false
I/BackupManagerService(  263): Opting out of backup
I/SystemServer(  263): AppWidget Service
I/SystemServer(  263): Recognition Service
I/SystemServer(  263): DiskStats Service
I/WindowManager(  263): SAFE MODE not enabled
I/SystemServer(  263): SamplingProfiler Service
I/SystemServer(  263): NetworkTimeUpdateService
I/SystemServer(  263): CommonTimeManagementService
I/SystemServer(  263): CertBlacklister
I/SystemServer(  263): Dreams Service
I/SystemServer(  263): Assets Atlas Service
I/SystemServer(  263): IdleMaintenanceService
I/SystemServer(  263): Print Service
I/SystemServer(  263): Media Router Service
D/Atlas   (  263): Loaded configuration: SliceMinArea (768x768) flags=0x2 count=25
D/        (  169): HostConnection::get() New Host Connection established 0xb8373de0, tid 262
W/WindowManager(  263): updateFocusedWindowLocked, focusedAppToken is null.
I/Zygote  (  263): Process: zygote socket opened
V/KeyguardServiceDelegate(  263): *** Keyguard started
V/KeyguardServiceDelegate(  263): onSystemReady() called before keyguard service was ready
I/dalvikvm(  263): ignoring registerObject request in thread=1
I/dalvikvm(  263): ignoring registerObject request in thread=1
I/ActivityManager(  263): Start proc com.android.systemui for service com.android.keyguard/.KeyguardService: pid=320 uid=10006 gids={50006, 1028, 1015, 1023, 1035, 3002, 3001}
I/AppOps  (  263): Pruning old package root/0: new uid=-1
I/AppOps  (  263): Pruning old package media/1013: new uid=-1
I/ActivityManager(  263): System now ready
W/libsuspend(  263): Error writing 'on' to /sys/power/state: Invalid argument
E/libsuspend(  263): Error opening /sys/power/autosleep: No such file or directory
E/libsuspend(  263): Error opening /sys/power/wakeup_count: Permission denied
E/libsuspend(  263): failed to initialize autosuspend
I/SystemServer(  263): Making services ready
D/NetworkManagementService(  263): enabling bandwidth control
W/MountService(  263): Duplicate state transition (mounted -> mounted) for /storage/emulated/0
D/dalvikvm(  263): GC_CONCURRENT freed 313K, 7% free 5122K/5496K, paused 5ms+1ms, total 46ms
D/        (  263): HostConnection::get() New Host Connection established 0xb7acb5d0, tid 319
D/WifiController(  263): DEFERRED_TOGGLE handled
I/dalvikvm(  320): ignoring registerObject request in thread=1
I/dalvikvm(  320): ignoring registerObject request in thread=1
D/libEGL  (  263): loaded /system/lib/egl/libEGL_adreno.so
D/libEGL  (  263): loaded /system/lib/egl/libGLESv1_CM_adreno.so
D/libEGL  (  263): loaded /system/lib/egl/libGLESv2_adreno.so
E/EGL_emulation(  263): egl: destroying current context refused
W/libEGL  (  263): eglTerminate() called w/ 1 objects remaining
D/Atlas   (  263): Rendered atlas in 149.10ms (0.92+148.18ms)
V/KeyguardService(  320): onCreate()
D/SystemUIService(  320): loading: class com.android.systemui.recent.Recents
D/SystemUIService(  320): running: com.android.systemui.recent.Recents@4a7ec76c
D/SystemUIService(  320): loading: class com.android.systemui.statusbar.SystemBars
D/SystemUIService(  320): running: com.android.systemui.statusbar.SystemBars@4a7eca3c
D/SystemUIService(  320): loading: class com.android.systemui.usb.StorageNotification
D/SystemUIService(  320): running: com.android.systemui.usb.StorageNotification@4a7ed9cc
D/SystemUIService(  320): loading: class com.android.systemui.power.PowerUI
D/SystemUIService(  320): running: com.android.systemui.power.PowerUI@4a7ee4a8
D/SystemUIService(  320): loading: class com.android.systemui.media.RingtonePlayer
D/SystemUIService(  320): running: com.android.systemui.media.RingtonePlayer@4a7eec44
D/SystemUIService(  320): loading: class com.android.systemui.settings.SettingsUI
D/SystemUIService(  320): running: com.android.systemui.settings.SettingsUI@4a7ef778
I/StatusBarManagerService(  263): registerStatusBar bar=com.android.internal.statusbar.IStatusBar$Stub$Proxy@4a8b64d8
D/PhoneStatusBar(  320): mSettingsPanelGravity = 55
D/dalvikvm(  320): JIT code cache reset in 0 ms (0 bytes 1/0)
D/dalvikvm(  320): GC_CONCURRENT freed 144K, 6% free 3270K/3468K, paused 8ms+2ms, total 44ms
D/dalvikvm(  320): WAIT_FOR_CONCURRENT_GC blocked 5ms
D/dalvikvm(  320): GC_FOR_ALLOC freed 4K, 6% free 3364K/3568K, paused 4ms, total 4ms
I/dalvikvm-heap(  320): Grow heap (frag case) to 4.410MB for 1127532-byte allocation
D/dalvikvm(  320): GC_CONCURRENT freed 1K, 5% free 4464K/4672K, paused 2ms+13ms, total 18ms
D/BluetoothManagerService(  263): Message: 20
D/BluetoothManagerService(  263): Added callback: android.bluetooth.IBluetoothManagerCallback$Stub$Proxy@4a8c83a8:true
D/BluetoothAdapter(  320): 1249785268: getState() :  mService = null. Returning STATE_OFF
D/BluetoothAdapter(  320): 1249785268: getState() :  mService = null. Returning STATE_OFF
D/dalvikvm(  320): GC_CONCURRENT freed 266K, 7% free 4593K/4912K, paused 3ms+0ms, total 22ms
D/BluetoothAdapter(  320): 1249785268: getState() :  mService = null. Returning STATE_OFF
E/WVMExtractor(  172): Failed to open libwvm.so
D/dalvikvm(  320): GC_CONCURRENT freed 67K, 3% free 5043K/5164K, paused 7ms+0ms, total 32ms
D/PhoneStatusBar(  320): disable: < expand icons alerts ticker system_info back home recent clock search >
I/iptables(  165): iptables: No chain/target/match by that name.
I/iptables(  165): iptables terminated by exit(1)
E/BandwidthController(  165): runIptablesCmd(): res=1 status=256 failed /system/bin/iptables -A bw_INPUT -m owner --socket-exists
D/BluetoothAdapter(  320): 1249785268: getState() :  mService = null. Returning STATE_OFF
D/BluetoothAdapter(  320): 1249785268: getState() :  mService = null. Returning STATE_OFF
D/PhoneStatusBar(  320): heads up is disabled
I/ActivityManager(  263): Start proc android.process.acore for content provider com.android.providers.contacts/.ContactsProvider2: pid=360 uid=10002 gids={50002, 3003, 1028, 1015, 1023}
E/cutils-trace(  172): Error opening trace file: No such file or directory (2)
I/ip6tables(  165): ip6tables: No chain/target/match by that name.
I/ip6tables(  165): ip6tables terminated by exit(1)
E/BandwidthController(  165): runIptablesCmd(): res=1 status=256 failed /system/bin/ip6tables -A bw_INPUT -m owner --socket-exists
F/NetworkManagementService(  263): problem enabling bandwidth controls
F/NetworkManagementService(  263): com.android.server.NativeDaemonConnector$NativeDaemonFailureException: command '1 bandwidth enable' failed with '400 1 Bandwidth command failed'
F/NetworkManagementService(  263): 	at com.android.server.NativeDaemonConnector.execute(NativeDaemonConnector.java:392)
F/NetworkManagementService(  263): 	at com.android.server.NativeDaemonConnector.executeForList(NativeDaemonConnector.java:328)
F/NetworkManagementService(  263): 	at com.android.server.NativeDaemonConnector.execute(NativeDaemonConnector.java:293)
F/NetworkManagementService(  263): 	at com.android.server.NetworkManagementService.prepareNativeDaemon(NetworkManagementService.java:348)
F/NetworkManagementService(  263): 	at com.android.server.NetworkManagementService.systemReady(NetworkManagementService.java:224)
F/NetworkManagementService(  263): 	at com.android.server.ServerThread$2.run(SystemServer.java:962)
F/NetworkManagementService(  263): 	at com.android.server.am.ActivityManagerService.systemReady(ActivityManagerService.java:9393)
F/NetworkManagementService(  263): 	at com.android.server.ServerThread.initAndLoop(SystemServer.java:939)
F/NetworkManagementService(  263): 	at com.android.server.SystemServer.main(SystemServer.java:1209)
F/NetworkManagementService(  263): 	at java.lang.reflect.Method.invokeNative(Native Method)
F/NetworkManagementService(  263): 	at java.lang.reflect.Method.invoke(Method.java:515)
F/NetworkManagementService(  263): 	at com.android.internal.os.ZygoteInit$MethodAndArgsCaller.run(ZygoteInit.java:779)
F/NetworkManagementService(  263): 	at com.android.internal.os.ZygoteInit.main(ZygoteInit.java:595)
F/NetworkManagementService(  263): 	at dalvik.system.NativeStart.main(Native Method)
E/NetdConnector(  263): NDC Command {1 bandwidth enable} took too long (1626ms)
E/WifiStateMachine(  263): Failed to reload STA firmware java.lang.IllegalArgumentException: command '2 softap fwreload eth1 STA' failed with '501 2 SoftAP command has failed'
E/NetdConnector(  263): NDC Command {2 softap fwreload eth1 STA} took too long (1481ms)
D/CommandListener(  165): Setting iface cfg
D/CommandListener(  165): Trying to bring down eth1
I/iptables(  165): iptables: No chain/target/match by that name.
I/iptables(  165): iptables terminated by exit(1)
E/Netd    (  165): exec() res=0, status=256 for /system/bin/iptables -F fw_INPUT 
I/dalvikvm(  360): ignoring registerObject request in thread=1
I/dalvikvm(  360): ignoring registerObject request in thread=1
I/ip6tables(  165): ip6tables: No chain/target/match by that name.
I/ip6tables(  165): ip6tables terminated by exit(1)
E/Netd    (  165): exec() res=0, status=256 for /system/bin/ip6tables -F fw_INPUT 
I/iptables(  165): iptables: No chain/target/match by that name.
I/iptables(  165): iptables terminated by exit(1)
E/Netd    (  165): exec() res=0, status=256 for /system/bin/iptables -F fw_OUTPUT 
I/ip6tables(  165): ip6tables: No chain/target/match by that name.
I/ip6tables(  165): ip6tables terminated by exit(1)
E/Netd    (  165): exec() res=0, status=256 for /system/bin/ip6tables -F fw_OUTPUT 
D/libEGL  (  320): loaded /system/lib/egl/libEGL_adreno.so
I/iptables(  165): iptables: No chain/target/match by that name.
I/iptables(  165): iptables terminated by exit(1)
E/Netd    (  165): exec() res=0, status=256 for /system/bin/iptables -F fw_FORWARD 
D/        (  320): HostConnection::get() New Host Connection established 0xb7a80080, tid 320
I/ip6tables(  165): ip6tables: No chain/target/match by that name.
D/libEGL  (  320): loaded /system/lib/egl/libGLESv1_CM_adreno.so
D/libEGL  (  320): loaded /system/lib/egl/libGLESv2_adreno.so
I/ip6tables(  165): ip6tables terminated by exit(1)
E/Netd    (  165): exec() res=0, status=256 for /system/bin/ip6tables -F fw_FORWARD 
F/SystemServer(  263): BOOT FAILURE making Network Managment Service ready
F/SystemServer(  263): java.lang.IllegalStateException: command '5 firewall disable' failed with '400 5 Firewall command failed'
F/SystemServer(  263): 	at com.android.server.NetworkManagementService.setFirewallEnabled(NetworkManagementService.java:1617)
F/SystemServer(  263): 	at com.android.server.NetworkManagementService.prepareNativeDaemon(NetworkManagementService.java:401)
F/SystemServer(  263): 	at com.android.server.NetworkManagementService.systemReady(NetworkManagementService.java:224)
F/SystemServer(  263): 	at com.android.server.ServerThread$2.run(SystemServer.java:962)
F/SystemServer(  263): 	at com.android.server.am.ActivityManagerService.systemReady(ActivityManagerService.java:9393)
F/SystemServer(  263): 	at com.android.server.ServerThread.initAndLoop(SystemServer.java:939)
F/SystemServer(  263): 	at com.android.server.SystemServer.main(SystemServer.java:1209)
F/SystemServer(  263): 	at java.lang.reflect.Method.invokeNative(Native Method)
F/SystemServer(  263): 	at java.lang.reflect.Method.invoke(Method.java:515)
F/SystemServer(  263): 	at com.android.internal.os.ZygoteInit$MethodAndArgsCaller.run(ZygoteInit.java:779)
F/SystemServer(  263): 	at com.android.internal.os.ZygoteInit.main(ZygoteInit.java:595)
F/SystemServer(  263): 	at dalvik.system.NativeStart.main(Native Method)
F/SystemServer(  263): Caused by: com.android.server.NativeDaemonConnector$NativeDaemonFailureException: command '5 firewall disable' failed with '400 5 Firewall command failed'
F/SystemServer(  263): 	at com.android.server.NativeDaemonConnector.execute(NativeDaemonConnector.java:392)
F/SystemServer(  263): 	at com.android.server.NativeDaemonConnector.executeForList(NativeDaemonConnector.java:328)
F/SystemServer(  263): 	at com.android.server.NativeDaemonConnector.execute(NativeDaemonConnector.java:293)
F/SystemServer(  263): 	at com.android.server.NetworkManagementService.setFirewallEnabled(NetworkManagementService.java:1614)
F/SystemServer(  263): 	... 11 more
E/NetdConnector(  263): NDC Command {5 firewall disable} took too long (640ms)
W/SystemServer(  263): ***********************************************
D/dalvikvm(  360): JIT code cache reset in 0 ms (0 bytes 1/0)
W/NetworkStats(  263): bandwidth controls disabled, unable to track stats
W/NetworkPolicy(  263): bandwidth controls disabled, unable to enforce policy
E/Netd    (  165): Failed to open /proc/sys/net/ipv6/conf/eth1/use_tempaddr: No such file or directory
E/WifiStateMachine(  263): Unable to change interface settings: java.lang.IllegalStateException: command '6 interface ipv6privacyextensions eth1 enable' failed with '400 6 Failed to set ipv6 privacy extensions (No such file or directory)'
D/dalvikvm(  360): GC_CONCURRENT freed 188K, 7% free 3256K/3500K, paused 5ms+35ms, total 55ms
D/WifiMonitor(  263): startMonitoring(eth1) with mConnected = false
E/NetdConnector(  263): NDC Command {6 interface ipv6privacyextensions eth1 enable} took too long (665ms)
E/WifiHW  (  263): Unable to open connection to supplicant on "@android:wpa_eth1": No such file or directory
W/EGL_emulation(  320): eglSurfaceAttrib not implemented 3093 12436
D/OpenGLRenderer(  320): Enabling debug mode 0
I/ActivityManager(  263): Start proc com.android.settings for broadcast com.android.settings/.widget.SettingsAppWidgetProvider: pid=392 uid=1000 gids={41000, 1028, 1015, 1023, 3002, 3001, 3003, 1007}
I/Choreographer(  320): Skipped 56 frames!  The application may be doing too much work on its main thread.
I/wpa_supplicant(  391): Successfully initialized wpa_supplicant
I/iptables(  165): iptables: No chain/target/match by that name.
I/iptables(  165): iptables terminated by exit(1)
E/Netd    (  165): exec() res=0, status=256 for /system/bin/iptables -F fw_INPUT 
I/ip6tables(  165): ip6tables: No chain/target/match by that name.
I/ip6tables(  165): ip6tables terminated by exit(1)
E/Netd    (  165): exec() res=0, status=256 for /system/bin/ip6tables -F fw_INPUT 
I/dalvikvm(  392): ignoring registerObject request in thread=1
I/dalvikvm(  392): ignoring registerObject request in thread=1
I/iptables(  165): iptables: No chain/target/match by that name.
I/iptables(  165): iptables terminated by exit(1)
E/Netd    (  165): exec() res=0, status=256 for /system/bin/iptables -F fw_OUTPUT 
I/ip6tables(  165): ip6tables: No chain/target/match by that name.
I/ip6tables(  165): ip6tables terminated by exit(1)
E/Netd    (  165): exec() res=0, status=256 for /system/bin/ip6tables -F fw_OUTPUT 
I/iptables(  165): iptables: No chain/target/match by that name.
I/iptables(  165): iptables terminated by exit(1)
E/Netd    (  165): exec() res=0, status=256 for /system/bin/iptables -F fw_FORWARD 
I/ip6tables(  165): ip6tables: No chain/target/match by that name.
I/ip6tables(  165): ip6tables terminated by exit(1)
E/Netd    (  165): exec() res=0, status=256 for /system/bin/ip6tables -F fw_FORWARD 
F/SystemServer(  263): BOOT FAILURE making Connectivity Service ready
F/SystemServer(  263): java.lang.IllegalStateException: command '7 firewall disable' failed with '400 7 Firewall command failed'
F/SystemServer(  263): 	at com.android.server.NetworkManagementService.setFirewallEnabled(NetworkManagementService.java:1617)
F/SystemServer(  263): 	at com.android.server.ConnectivityService.setLockdownTracker(ConnectivityService.java:3908)
F/SystemServer(  263): 	at com.android.server.ConnectivityService.updateLockdownVpn(ConnectivityService.java:3883)
F/SystemServer(  263): 	at com.android.server.ConnectivityService.systemReady(ConnectivityService.java:2235)
F/SystemServer(  263): 	at com.android.server.ServerThread$2.run(SystemServer.java:977)
F/SystemServer(  263): 	at com.android.server.am.ActivityManagerService.systemReady(ActivityManagerService.java:9393)
F/SystemServer(  263): 	at com.android.server.ServerThread.initAndLoop(SystemServer.java:939)
F/SystemServer(  263): 	at com.android.server.SystemServer.main(SystemServer.java:1209)
F/SystemServer(  263): 	at java.lang.reflect.Method.invokeNative(Native Method)
F/SystemServer(  263): 	at java.lang.reflect.Method.invoke(Method.java:515)
F/SystemServer(  263): 	at com.android.internal.os.ZygoteInit$MethodAndArgsCaller.run(ZygoteInit.java:779)
F/SystemServer(  263): 	at com.android.internal.os.ZygoteInit.main(ZygoteInit.java:595)
F/SystemServer(  263): 	at dalvik.system.NativeStart.main(Native Method)
F/SystemServer(  263): Caused by: com.android.server.NativeDaemonConnector$NativeDaemonFailureException: command '7 firewall disable' failed with '400 7 Firewall command failed'
F/SystemServer(  263): 	at com.android.server.NativeDaemonConnector.execute(NativeDaemonConnector.java:392)
F/SystemServer(  263): 	at com.android.server.NativeDaemonConnector.executeForList(NativeDaemonConnector.java:328)
F/SystemServer(  263): 	at com.android.server.NativeDaemonConnector.execute(NativeDaemonConnector.java:293)
F/SystemServer(  263): 	at com.android.server.NetworkManagementService.setFirewallEnabled(NetworkManagementService.java:1614)
F/SystemServer(  263): 	... 12 more
W/SystemServer(  263): ***********************************************
I/ActivityManager(  263): Config changes=200 {1.0 460mcc7mnc zh_CN ldltr sw360dp w360dp h615dp 320dpi nrml long port finger qwerty/v/v dpad/v s.5}
D/PhoneStatusBar(  320): mSettingsPanelGravity = 55
D/dalvikvm(  263): GC_CONCURRENT freed 330K, 8% free 5217K/5612K, paused 2ms+1ms, total 44ms
W/RecognitionManagerService(  263): no available voice recognition services found for user 0
D/BluetoothManagerService(  263): Message: 20
D/BluetoothManagerService(  263): Added callback: android.bluetooth.IBluetoothManagerCallback$Stub$Proxy@4a900994:true
D/BluetoothAdapter(  392): 1249803004: getState() :  mService = null. Returning STATE_OFF
D/BluetoothManagerService(  263): Message: 30
W/ContextImpl(  263): Calling a method in the system process without a qualified user: android.app.ContextImpl.sendBroadcast:1123 com.android.server.usb.UsbSettingsManager.deviceAttached:621 com.android.server.usb.UsbHostManager.usbDeviceAdded:156 com.android.server.usb.UsbHostManager.monitorUsbHostBus:-2 com.android.server.usb.UsbHostManager.access$000:38 
E/BluetoothInputDevice(  392): Could not bind to Bluetooth HID Service with Intent { act=android.bluetooth.IBluetoothInputDevice }
D/BluetoothManagerService(  263): Message: 30
E/BluetoothPan(  392): Could not bind to Bluetooth Pan Service with Intent { act=android.bluetooth.IBluetoothPan }
D/LocalBluetoothProfileManager(  392): Adding local MAP profile
D/BluetoothMap(  392): Create BluetoothMap proxy object
D/BluetoothManagerService(  263): Message: 30
E/BluetoothMap(  392): Could not bind to Bluetooth MAP Service with Intent { act=android.bluetooth.IBluetoothMap }
D/BluetoothManagerService(  263): Message: 30
E/BluetoothPbap(  392): Could not bind to Bluetooth Pbap Service with Intent { act=android.bluetooth.IBluetoothPbap }
D/LocalBluetoothProfileManager(  392): LocalBluetoothProfileManager construction complete
D/BluetoothAdapter(  392): 1249803004: getState() :  mService = null. Returning STATE_OFF
D/BluetoothAdapter(  392): 1249803004: getState() :  mService = null. Returning STATE_OFF
W/InputMethodManagerService(  263): Ignoring setImeWindowStatus of uid 1000 token: null
I/ActivityManager(  263): Start proc com.example.android.softkeyboard for service com.example.android.softkeyboard/.SoftKeyboard: pid=412 uid=10025 gids={50025}
V/InputMethodManagerService(  263): Adding window token: android.os.Binder@4a874a90
W/ServiceWatcher(  263): com.google.android.gms not found
W/ServiceWatcher(  263): com.google.android.gms not found
W/ServiceWatcher(  263): com.google.android.gms not found
W/ServiceWatcher(  263): com.google.android.gms not found
W/LocationManagerService(  263): no network location provider found
E/LocationManagerService(  263): no geocoder provider found
E/FlpHardwareProvider(  263): Error hw_get_module 'flp': -2
W/ServiceWatcher(  263): com.google.android.gms not found
E/FlpHardwareProvider(  263): Error hw_get_module 'flp': -2
W/ServiceWatcher(  263): com.google.android.gms not found
E/LocationManagerService(  263): No FusedProvider found.
E/LocationManagerService(  263): no geofence provider found
D/BluetoothAdapter(  392): 1249803004: getState() :  mService = null. Returning STATE_OFF
I/CommonTimeManagementService(  263): No common time service detected on this platform.  Common time services will be unavailable.
I/InputReader(  263): Reconfiguring input devices.  changes=0x00000020
I/InputReader(  263): Reconfiguring input devices.  changes=0x00000010
W/SocketClient(  165): write error (Broken pipe)
E/GpsLocationProvider(  263): no AGPS interface in set_agps_server
I/ActivityManager(  263): Start proc com.android.phone for added application com.android.phone: pid=424 uid=1001 gids={41001, 3002, 3001, 3003, 1028, 1015, 1023}
I/ActivityManager(  263): START u0 {act=android.intent.action.MAIN cat=[android.intent.category.HOME] flg=0x10000000 cmp=com.vphone.launcher/.Launcher} from pid 0
I/ActivityManager(  263): Start proc com.vphone.launcher for activity com.vphone.launcher/.Launcher: pid=435 uid=1000 gids={41000, 1028, 1015, 1023, 3002, 3001, 3003, 1007}
W/ActivityManager(  263): Unable to start service Intent { cmp=com.android.printspooler/.PrintSpoolerService } U=0: not found
I/Choreographer(  263): Skipped 206 frames!  The application may be doing too much work on its main thread.
V/StatusBar(  320): userId 0 is in the house
V/KeyguardServiceDelegate(  263): *** Keyguard connected (yay!)
W/InputMethodManagerService(  263): Focus gain on non-focused client android.view.inputmethod.InputMethodManager$1@4a90490c (uid=1000 pid=263)
V/KeyguardServiceDelegate(  263): **** SHOWN CALLED ****
D/dalvikvm(  263): GC_CONCURRENT freed 331K, 7% free 5369K/5764K, paused 7ms+1ms, total 83ms
I/dalvikvm(  412): ignoring registerObject request in thread=1
I/dalvikvm(  412): ignoring registerObject request in thread=1
I/dalvikvm(  424): ignoring registerObject request in thread=1
I/dalvikvm(  424): ignoring registerObject request in thread=1
I/wpa_supplicant(  391): eth1: Trying to associate with 01:80:c2:00:00:03 (SSID='WiredSSID' freq=2412 MHz)
I/wpa_supplicant(  391): eth1: No network configuration found for the current AP
I/wpa_supplicant(  391): eth1: CTRL-EVENT-DISCONNECTED bssid=01:80:c2:00:00:03 reason=3 locally_generated=1
I/wpa_supplicant(  391): eth1: Associate with key management = 0 - comparing with WPA_NONE 16
I/wpa_supplicant(  391): eth1: Auth timeout 'coz 802.11, assoc_failed=0 ssid->mode=0
I/wpa_supplicant(  391): eth1: Setting authentication timeout: 10 sec 0 usec
D/BluetoothManagerService(  263): Message: 300
D/BluetoothManagerService(  263): MESSAGE_USER_SWITCHED
D/dalvikvm(  320): GC_FOR_ALLOC freed 144K, 4% free 5149K/5348K, paused 12ms, total 13ms
V/BackupManagerService(  263): Connected to transport ComponentInfo{android/com.android.internal.backup.LocalTransportService}
V/BackupManagerService(  263): Registering transport android/com.android.internal.backup.LocalTransportService::android/com.android.internal.backup.LocalTransport = com.android.internal.backup.LocalTransport@4a9284e0
I/dalvikvm(  435): ignoring registerObject request in thread=1
I/dalvikvm(  435): ignoring registerObject request in thread=1
I/ActivityManager(  263): Start proc com.lemon.lemonban for broadcast com.lemon.lemonban/com.igexin.sdk.PushReceiver: pid=454 uid=10028 gids={50028, 3003, 1028, 1015, 1023, 3002, 3001}
I/dalvikvm-heap(  320): Grow heap (frag case) to 11.328MB for 6553612-byte allocation
D/dalvikvm(  320): GC_CONCURRENT freed 6K, 2% free 11543K/11752K, paused 19ms+4ms, total 55ms
I/dalvikvm(  454): ignoring registerObject request in thread=1
I/dalvikvm(  454): ignoring registerObject request in thread=1
D/BluetoothManagerService(  263): Message: 20
D/BluetoothManagerService(  263): Added callback: android.bluetooth.IBluetoothManagerCallback$Stub$Proxy@4a9034ac:true
I/dalvikvm(  454): Could not find method android.view.ViewGroup.<init>, referenced from method com.scwang.smartrefresh.layout.SmartRefreshLayout.<init>
W/dalvikvm(  454): VFY: unable to resolve direct method 21745: Landroid/view/ViewGroup;.<init> (Landroid/content/Context;Landroid/util/AttributeSet;II)V
D/dalvikvm(  454): VFY: replacing opcode 0x70 at 0x0007
D/BluetoothManagerService(  263): Message: 30
E/BluetoothHeadset(  424): Could not bind to Bluetooth Headset Service with Intent { act=android.bluetooth.IBluetoothHeadset }
D/dalvikvm(  424): GC_CONCURRENT freed 160K, 7% free 3221K/3436K, paused 4ms+0ms, total 82ms
D/CallNotifier(  424): CallNotifier: mSignalInfoToneGenerator created when toneplay
D/BluetoothManagerService(  263): Message: 30
E/BluetoothHeadset(  424): Could not bind to Bluetooth Headset Service with Intent { act=android.bluetooth.IBluetoothHeadset }
I/wpa_supplicant(  391): eth1: Trying to associate with 01:80:c2:00:00:03 (SSID='WiredSSID' freq=2412 MHz)
I/wpa_supplicant(  391): eth1: Associated with 01:80:c2:00:00:03
I/wpa_supplicant(  391): eth1: Cancelling authentication timeout
I/wpa_supplicant(  391): eth1: CTRL-EVENT-CONNECTED - Connection to 01:80:c2:00:00:03 completed (auth) [id=0 id_str=]
I/wpa_supplicant(  391): eth1: Associate with key management = 4 - comparing with WPA_NONE 16
I/wpa_supplicant(  391): eth1: Auth timeout 'coz 802.11, assoc_failed=0 ssid->mode=0
I/wpa_supplicant(  391): eth1: Setting authentication timeout: 10 sec 0 usec
D/WifiConfigStore(  263): Loading config and enabling all networks
I/dalvikvm(  435): Could not find method android.view.ViewAnimationUtils.createCircularReveal, referenced from method com.vphone.launcher.Launcher.a
W/dalvikvm(  435): VFY: unable to resolve static method 16870: Landroid/view/ViewAnimationUtils;.createCircularReveal (Landroid/view/View;IIFF)Landroid/animation/Animator;
D/dalvikvm(  435): VFY: replacing opcode 0x71 at 0x0269
D/MobileDataStateTracker(  263): default: Broadcast received: android.intent.action.ANY_DATA_STATE apnType=default
D/MobileDataStateTracker(  263): default: Received state=DISCONNECTED, old=DISCONNECTED, reason=radioTurnedOff
D/MobileDataStateTracker(  263): default: Broadcast received: android.intent.action.ANY_DATA_STATE apnType=default
D/MobileDataStateTracker(  263): default: Received state=DISCONNECTED, old=DISCONNECTED, reason=radioTurnedOff
D/MobileDataStateTracker(  263): default: Broadcast received: android.intent.action.ANY_DATA_STATE apnType=default
D/MobileDataStateTracker(  263): default: Received state=DISCONNECTED, old=DISCONNECTED, reason=dataDetached
D/TelephonyDebugService(  424): TelephonyDebugService()
E/WifiStateMachine(  263): Failed to set frequency band 0
E/WifiStateMachine(  263): Unexpected BatchedScanResults :null
D/BluetoothManagerService(  263): Message: 30
E/BluetoothHeadset(  424): Could not bind to Bluetooth Headset Service with Intent { act=android.bluetooth.IBluetoothHeadset }
E/BluetoothPhoneService(  424): Could not get a handle on Connection object for the call
W/CallNotifier(  424): Got onMwiChanged() on non-voice-capable device! Ignoring...
I/PhoneApp(  424): Headset phone created, binding local service.
D/Launcher.LauncherProvider(  435): 11683562 - initializeMaxScreenId(): 1
V/Launcher(  435): LauncherAppState inited
D/dalvikvm(  435): GC_CONCURRENT freed 219K, 8% free 3182K/3456K, paused 2ms+1ms, total 50ms
I/ActivityManager(  263): Start proc com.lemon.lemonban:pushservice for service com.lemon.lemonban/.service.LemonPushService: pid=490 uid=10028 gids={50028, 3003, 1028, 1015, 1023, 3002, 3001}
D/BluetoothAdapter(  392): 1249803004: getState() :  mService = null. Returning STATE_OFF
D/dalvikvm(  435): GC_FOR_ALLOC freed 2K, 7% free 3472K/3716K, paused 8ms, total 61ms
D/dalvikvm(  435): GC_FOR_ALLOC freed 1K, 7% free 3773K/4016K, paused 19ms, total 21ms
D/Launcher.Model(  435): Old launcher provider: content://com.android.launcher2.settings/favorites?notify=true
D/Launcher.Model(  435): Old launcher provider does not exist.
I/PackageManager(  263):   Action: "android.intent.action.MAIN"
I/PackageManager(  263):   Category: "android.intent.category.HOME"
I/PackageManager(  263):   Category: "android.intent.category.DEFAULT"
I/PackageManager(  263): Adding preferred activity ComponentInfo{com.vphone.launcher/com.vphone.launcher.Launcher} for user 0 :
W/ImageLoader(  435): diskCache() and diskCacheFileNameGenerator() calls overlap each other
D/dalvikvm(  424): GC_CONCURRENT freed 269K, 9% free 3339K/3664K, paused 2ms+1ms, total 32ms
W/ContextImpl(  435): Calling a method in the system process without a qualified user: android.app.ContextImpl.startService:1492 android.content.ContextWrapper.startService:494 com.vphone.launcher.LauncherApplication.onCreate:113 android.app.Instrumentation.callApplicationOnCreate:1024 android.app.ActivityThread.handleBindApplication:4346 
I/dalvikvm(  490): ignoring registerObject request in thread=1
I/dalvikvm(  490): ignoring registerObject request in thread=1
D/dalvikvm(  435): GC_CONCURRENT freed 161K, 6% free 3998K/4216K, paused 2ms+0ms, total 19ms
I/dalvikvm(  490): Could not find method android.view.ViewGroup.<init>, referenced from method com.scwang.smartrefresh.layout.SmartRefreshLayout.<init>
W/dalvikvm(  490): VFY: unable to resolve direct method 21745: Landroid/view/ViewGroup;.<init> (Landroid/content/Context;Landroid/util/AttributeSet;II)V
D/dalvikvm(  490): VFY: replacing opcode 0x70 at 0x0007
W/ActivityThread(  435): ClassLoader.loadClass: The class loader returned by Thread.getContextClassLoader() may fail for processes that host multiple applications. You should explicitly specify a context class loader. For example: Thread.setContextClassLoader(getClass().getClassLoader());
D/su      (  531): su invoked.
D/su      (  531): starting daemon client 1000 1000
I/Process (  490): Sending signal. PID: 490 SIG: 9
D/su      (  533): remote pid: 531
D/su      (  533): remote pts_slave: 
D/su      (  533): waiting for child exit
D/su      (  535): su invoked.
D/su      (  535): 1000 /system/xbin/su executing 0 /system/bin/sh using binary /system/bin/sh : sh
I/ActivityManager(  263): Process com.lemon.lemonban:pushservice (pid 490) has died.
D/dalvikvm(  435): GC_CONCURRENT freed 269K, 8% free 4135K/4460K, paused 10ms+103ms, total 457ms
W/Launcher(  435): setApplicationContext called twice! old=com.vphone.launcher.LauncherApplication@4a7e5790 new=com.vphone.launcher.LauncherApplication@4a7e5790
W/SocketClient(  165): write error (Broken pipe)
D/su      (  533): sending code
D/su      (  533): child exited
D/su      (  531): client exited 255
E/TelephonyProvider(  424): Failed setting numeric '460076' to the current operator
I/dalvikvm(  435): Could not find method android.view.ViewAnimationUtils.createCircularReveal, referenced from method com.vphone.launcher.LauncherAnimUtils.createCircularReveal
W/dalvikvm(  435): VFY: unable to resolve static method 16870: Landroid/view/ViewAnimationUtils;.createCircularReveal (Landroid/view/View;IIFF)Landroid/animation/Animator;
D/dalvikvm(  435): VFY: replacing opcode 0x71 at 0x0000
D/Sensors (  263): Client connection accepted (170)
D/dalvikvm(  435): GC_CONCURRENT freed 181K, 5% free 4459K/4684K, paused 4ms+0ms, total 301ms
W/ResourceType(  435): Attempt to retrieve bag 0x7f0e00a4 which is invalid or in a cycle.
W/Searchables(  263): No global search activity found
D/Launcher.Model(  435): 11683562 - loadWorkspace()
D/Launcher.Model(  435): 11683562 -   loadedOldDb: false
W/ContextImpl(  435): Calling a method in the system process without a qualified user: android.app.ContextImpl.startService:1492 android.content.ContextWrapper.startService:494 com.vphone.launcher.Launcher.g:677 com.vphone.launcher.Launcher.a:176 com.vphone.launcher.Launcher$11.run:633 
