--------- beginning of /dev/log/main
D/DHCP    (   82): ===== DHCP message:
D/DHCP    (   82): op = BOOTREQUEST (1), htype = 1, hlen = 6, hops = 0
D/DHCP    (   82): xid = 0xaf150000 secs = 0, flags = 0x8000 optlen = 14
D/DHCP    (   82): ciaddr = 0.0.0.0
D/DHCP    (   82): yiaddr = 0.0.0.0
D/DHCP    (   82): siaddr = 0.0.0.0
D/DHCP    (   82): giaddr = 0.0.0.0
D/DHCP    (   82): chaddr = { 08  00  27  02  c3  87 }
D/DHCP    (   82): sname = ''
D/DHCP    (   82): file = ''
D/DHCP    (   82): op 53 len 1 { 01 } discover
D/DHCP    (   82): op 55 len 4 { 01  03  06  1c } 
D/DHCP    (   82): ===== DHCP message:
D/DHCP    (   82): op = BOOTREPLY (2), htype = 1, hlen = 6, hops = 0
D/DHCP    (   82): xid = 0xaf150000 secs = 0, flags = 0x8000 optlen = 312
D/DHCP    (   82): ciaddr = 0.0.0.0
D/DHCP    (   82): yiaddr = 172.17.99.15
D/DHCP    (   82): siaddr = 172.17.99.4
D/DHCP    (   82): giaddr = 0.0.0.0
D/DHCP    (   82): chaddr = { 08  00  27  02  c3  87 }
D/DHCP    (   82): sname = ''
D/DHCP    (   82): file = 'nox.pxe'
D/DHCP    (   82): op 53 len 1 { 02 } offer
D/DHCP    (   82): op 1 len 4 { ff  ff  ff  00 } 
D/DHCP    (   82): op 3 len 4 { ac  11  63  02 } 
D/DHCP    (   82): op 6 len 8 { 65  c6  c6  c6  72  72  72  72 } 
D/DHCP    (   82): op 51 len 4 { 00  01  51  80 } 
D/DHCP    (   82): op 54 len 4 { ac  11  63  02 } 
D/DHCP    (   82): --- dhcp offer (2) ---
D/DHCP    (   82): ip 172.17.99.15 gw 172.17.99.2 prefixLength 24
D/DHCP    (   82): dns1: 101.198.198.198
D/DHCP    (   82): dns2: 114.114.114.114
D/DHCP    (   82): server 172.17.99.2, lease 86400 seconds
D/DHCP    (   82): ===== DHCP message:
D/DHCP    (   82): op = BOOTREQUEST (1), htype = 1, hlen = 6, hops = 0
D/DHCP    (   82): xid = 0xb0150000 secs = 0, flags = 0x8000 optlen = 26
D/DHCP    (   82): ciaddr = 0.0.0.0
D/DHCP    (   82): yiaddr = 0.0.0.0
D/DHCP    (   82): siaddr = 0.0.0.0
D/DHCP    (   82): giaddr = 0.0.0.0
D/DHCP    (   82): chaddr = { 08  00  27  02  c3  87 }
D/DHCP    (   82): sname = ''
D/DHCP    (   82): file = ''
D/DHCP    (   82): op 53 len 1 { 03 } request
D/DHCP    (   82): op 55 len 4 { 01  03  06  1c } 
D/DHCP    (   82): op 50 len 4 { ac  11  63  0f } 
D/DHCP    (   82): op 54 len 4 { ac  11  63  02 } 
D/DHCP    (   82): ===== DHCP message:
D/DHCP    (   82): op = BOOTREPLY (2), htype = 1, hlen = 6, hops = 0
D/DHCP    (   82): xid = 0xb0150000 secs = 0, flags = 0x8000 optlen = 312
D/DHCP    (   82): ciaddr = 172.17.99.15
D/DHCP    (   82): yiaddr = 172.17.99.15
D/DHCP    (   82): siaddr = 172.17.99.4
D/DHCP    (   82): giaddr = 0.0.0.0
D/DHCP    (   82): chaddr = { 08  00  27  02  c3  87 }
D/DHCP    (   82): sname = ''
D/DHCP    (   82): file = 'nox.pxe'
D/DHCP    (   82): op 53 len 1 { 05 } ack
D/DHCP    (   82): op 1 len 4 { ff  ff  ff  00 } 
D/DHCP    (   82): op 3 len 4 { ac  11  63  02 } 
D/DHCP    (   82): op 6 len 8 { 65  c6  c6  c6  72  72  72  72 } 
D/DHCP    (   82): op 51 len 4 { 00  01  51  80 } 
D/DHCP    (   82): op 54 len 4 { ac  11  63  02 } 
D/DHCP    (   82): --- dhcp ack (5) ---
D/DHCP    (   82): ip 172.17.99.15 gw 172.17.99.2 prefixLength 24
D/DHCP    (   82): dns1: 101.198.198.198
D/DHCP    (   82): dns2: 114.114.114.114
D/DHCP    (   82): server 172.17.99.2, lease 86400 seconds
D/DHCP    (   82): configuring wlan0
--------- beginning of /dev/log/system
I/NOX     (   67): Starting NOX
D/NetUtils(   82): Don't create null default route on wlan0
D/dalvikvm(   89): Using executionMode 3
D/dalvikvm(   89): Trying to load lib libjavacore.so 0x0
D/dalvikvm(   89): Added shared lib libjavacore.so 0x0
D/dalvikvm(   89): Trying to load lib libnativehelper.so 0x0
D/dalvikvm(   89): Added shared lib libnativehelper.so 0x0
D/dalvikvm(   89): No JNI_OnLoad found in libnativehelper.so 0x0, skipping init
E/cutils-trace(   89): Error opening trace file: No such file or directory (2)
D/        (  149): vbox_graph_mode=720x1280
E/vinput-seamless(  151): found PS2 device
E/vinput-seamless(  151): found seamless mouse device
I/installd(  173): installd firing up
I/DEBUG   (  166): debuggerd: Sep  7 2017 16:04:41
I/Netd    (  165): Netd 1.0 starting
W/InterfaceController(  165): Warning (dlopen failed: library "/system/lib/libnetcmdiface.so" not found) while opening the net interface command library
I/Vold    (  162): Vold 2.1 (the revenge) firing up
V/NatController(  165): runCmd(/system/bin/iptables -F natctrl_FORWARD) res=1
I/SurfaceFlinger(  169): SurfaceFlinger is starting
I/SurfaceFlinger(  169): SurfaceFlinger's main thread ready to run. Initializing graphics H/W...
D/libEGL  (  169): loaded /system/lib/egl/libEGL_adreno.so
D/        (  169): HostConnection::get() New Host Connection established 0xb8361cc0, tid 169
D/libEGL  (  169): loaded /system/lib/egl/libGLESv1_CM_adreno.so
D/libEGL  (  169): loaded /system/lib/egl/libGLESv2_adreno.so
E/SurfaceFlinger(  169): hwcomposer module not found
W/SurfaceFlinger(  169): getting VSYNC period from fb HAL: 16666666
W/SurfaceFlinger(  169): no suitable EGLConfig found, trying a simpler query
I/SurfaceFlinger(  169): EGL informations:
I/SurfaceFlinger(  169): vendor    : Android
I/SurfaceFlinger(  169): version   : 1.4 Android META-EGL
I/SurfaceFlinger(  169): extensions: EGL_KHR_get_all_proc_addresses EGL_ANDROID_presentation_time EGL_KHR_image_base 
I/SurfaceFlinger(  169): Client API: OpenGL_ES
I/SurfaceFlinger(  169): EGLSurface: 8-8-8-8, config=0x8
I/SurfaceFlinger(  169): OpenGL ES informations:
I/SurfaceFlinger(  169): vendor    : ARM
I/SurfaceFlinger(  169): renderer  : Mali-450 MP
I/SurfaceFlinger(  169): version   : OpenGL ES 2.0
I/SurfaceFlinger(  169): extensions: GL_EXT_debug_marker GL_OES_EGL_image GL_OES_depth24 GL_OES_depth32 GL_OES_element_index_uint GL_OES_texture_float GL_OES_texture_float_linear GL_EXT_texture_format_BGRA8888 GL_OES_compressed_paletted_texture GL_OES_compressed_ETC1_RGB8_texture GL_OES_depth_texture GL_OES_texture_half_float GL_OES_texture_half_float_linear GL_OES_packed_depth_stencil GL_OES_vertex_half_float GL_OES_EGL_image_external GL_IMG_texture_compression_pvrtc
I/SurfaceFlinger(  169): GL_MAX_TEXTURE_SIZE = 16384
I/SurfaceFlinger(  169): GL_MAX_VIEWPORT_DIMS = 16384
E/cutils-trace(  169): Error opening trace file: No such file or directory (2)
D/SurfaceFlinger(  169): setOrientation, mFbdev=0xb8362de0, mFbDev->setOrientation=0xb6957ce0, orientation=0
I/gralloc_nox(  169): setOrientation: orientation=0
D/SurfaceFlinger(  169): Screen acquired, type=0 flinger=0xb8360820
D/dalvikvm(   89): GC_FOR_ALLOC freed 879K, 44% free 1149K/2032K, paused 31ms, total 31ms
I/mediaserver(  172): ServiceManager: 0xb8556d40
I/AudioFlinger(  172): Using default 3000 mSec as standby time.
I/CameraService(  172): CameraService started (pid=172)
D/dalvikvm(   89): GC_CONCURRENT freed 416K, 21% free 1755K/2212K, paused 2ms+0ms, total 7ms
D/libEGL  (  192): loaded /system/lib/egl/libEGL_adreno.so
D/dalvikvm(   89): GC_FOR_ALLOC freed 766K, 30% free 2266K/3228K, paused 3ms, total 3ms
D/        (  192): HostConnection::get() New Host Connection established 0xb859f810, tid 199
D/libEGL  (  192): loaded /system/lib/egl/libGLESv1_CM_adreno.so
D/libEGL  (  192): loaded /system/lib/egl/libGLESv2_adreno.so
E/cutils-trace(  192): Error opening trace file: No such file or directory (2)
D/        (  169): HostConnection::get() New Host Connection established 0xb836c9a0, tid 184
D/dalvikvm(   89): GC_FOR_ALLOC freed 1009K, 35% free 2693K/4124K, paused 34ms, total 34ms
D/        (  169): HostConnection::get() New Host Connection established 0xb836cca0, tid 182
D/dalvikvm(   89): GC_FOR_ALLOC freed 1005K, 34% free 3084K/4636K, paused 54ms, total 55ms
D/dalvikvm(   89): GC_CONCURRENT freed 966K, 20% free 4101K/5072K, paused 5ms+8ms, total 52ms
D/AndroidRuntime(  170): 
D/AndroidRuntime(  170): >>>>>> AndroidRuntime START com.android.internal.os.ZygoteInit <<<<<<
D/dalvikvm(   89): GC_CONCURRENT freed 1282K, 22% free 4741K/6028K, paused 2ms+0ms, total 30ms
W/EmulatedCamera_Factory(  172):  camera socket connect is not connected, wait(1)...
D/EmulatedCamera_Factory(  172): threadLoop()...
D/EmulatedCamera_Factory(  172): Waiting for player
D/dalvikvm(   89): GC_CONCURRENT freed 690K, 11% free 6100K/6792K, paused 9ms+1ms, total 52ms
D/dalvikvm(   89): WAIT_FOR_CONCURRENT_GC blocked 43ms
D/dalvikvm(   89): GC_FOR_ALLOC freed 2042K, 27% free 5919K/8036K, paused 46ms, total 81ms
D/AndroidRuntime(  170): CheckJNI is OFF
D/dalvikvm(  170): Using executionMode 2
D/dalvikvm(   89): GC_CONCURRENT freed 5751K, 80% free 1625K/8036K, paused 1ms+3ms, total 33ms
D/dalvikvm(  170): Trying to load lib libjavacore.so 0x0
D/dalvikvm(  170): Added shared lib libjavacore.so 0x0
D/dalvikvm(  170): Trying to load lib libnativehelper.so 0x0
D/dalvikvm(  170): Added shared lib libnativehelper.so 0x0
D/dalvikvm(  170): No JNI_OnLoad found in libnativehelper.so 0x0, skipping init
D/dalvikvm(  170): Note: class Landroid/app/ActivityManagerNative; has 179 unimplemented (abstract) methods
W/EmulatedCamera_Factory(  172):  camera socket connect is not connected, wait(2)...
E/memtrack(  170): Couldn't load memtrack module (No such file or directory)
E/android.os.Debug(  170): failed to load memtrack module: -2
I/SamplingProfilerIntegration(  170): Profiling disabled.
I/iptables(  165): iptables: No chain/target/match by that name.
I/iptables(  165): iptables terminated by exit(1)
E/BandwidthController(  165): runIptablesCmd(): res=1 status=256 failed /system/bin/iptables -A bw_INPUT -m owner --socket-exists
I/ip6tables(  165): ip6tables: No chain/target/match by that name.
I/Zygote  (  170): Preloading classes...
E/cutils-trace(  170): Error opening trace file: No such file or directory (2)
D/dalvikvm(  170): GC_EXPLICIT freed 612K, 36% free 1100K/1716K, paused 0ms+0ms, total 2ms
I/ip6tables(  165): ip6tables terminated by exit(1)
E/BandwidthController(  165): runIptablesCmd(): res=1 status=256 failed /system/bin/ip6tables -A bw_INPUT -m owner --socket-exists
D/dalvikvm(  170): GC_FOR_ALLOC freed 6K, 35% free 1116K/1716K, paused 13ms, total 16ms
I/iptables(  165): iptables: No chain/target/match by that name.
D/dalvikvm(  170): GC_FOR_ALLOC freed <1K, 35% free 1155K/1756K, paused 18ms, total 18ms
I/iptables(  165): iptables terminated by exit(1)
D/dalvikvm(  170): GC_EXPLICIT freed <1K, 34% free 1165K/1756K, paused 3ms+0ms, total 5ms
E/Netd    (  165): exec() res=0, status=256 for /system/bin/iptables -t mangle -F st_mangle_OUTPUT 
I/ip6tables(  165): ip6tables: No chain/target/match by that name.
I/ip6tables(  165): ip6tables terminated by exit(1)
E/Netd    (  165): exec() res=0, status=256 for /system/bin/ip6tables -t mangle -F st_mangle_OUTPUT 
D/dalvikvm(  170): GC_EXPLICIT freed 15K, 32% free 1209K/1756K, paused 0ms+0ms, total 23ms
I/iptables(  165): iptables: No chain/target/match by that name.
I/iptables(  165): iptables terminated by exit(1)
E/Netd    (  165): exec() res=0, status=256 for /system/bin/iptables -t mangle -F st_mangle_EXEMPT 
I/ip6tables(  165): ip6tables: No chain/target/match by that name.
D/dalvikvm(  170): GC_EXPLICIT freed 20K, 28% free 1273K/1756K, paused 0ms+0ms, total 14ms
I/ip6tables(  165): ip6tables terminated by exit(1)
E/Netd    (  165): exec() res=0, status=256 for /system/bin/ip6tables -t mangle -F st_mangle_EXEMPT 
I/iptables(  165): iptables: No chain/target/match by that name.
D/dalvikvm(  170): GC_EXPLICIT freed 28K, 26% free 1309K/1756K, paused 1ms+0ms, total 16ms
I/iptables(  165): iptables terminated by exit(1)
E/Netd    (  165): exec() res=0, status=256 for /system/bin/iptables -t mangle -A st_mangle_OUTPUT -m mark --mark 1 -j RETURN 
D/dalvikvm(  170): GC_EXPLICIT freed 33K, 25% free 1331K/1756K, paused 0ms+1ms, total 6ms
I/ip6tables(  165): ip6tables: No chain/target/match by that name.
I/ip6tables(  165): ip6tables terminated by exit(1)
E/Netd    (  165): exec() res=0, status=256 for /system/bin/ip6tables -t mangle -A st_mangle_OUTPUT -m mark --mark 1 -j RETURN 
W/EmulatedCamera_Factory(  172):  camera socket connect is not connected, wait(3)...
I/iptables(  165): iptables: No chain/target/match by that name.
I/iptables(  165): iptables terminated by exit(1)
E/Netd    (  165): exec() res=0, status=256 for /system/bin/iptables -t mangle -A st_mangle_OUTPUT -m owner --uid-owner vpn -j RETURN 
D/dalvikvm(  170): GC_EXPLICIT freed 22K, 22% free 1370K/1756K, paused 0ms+0ms, total 4ms
I/ip6tables(  165): ip6tables: No chain/target/match by that name.
I/ip6tables(  165): ip6tables terminated by exit(1)
E/Netd    (  165): exec() res=0, status=256 for /system/bin/ip6tables -t mangle -A st_mangle_OUTPUT -m owner --uid-owner vpn -j RETURN 
D/MDnsDS  (  165): MDnsSdListener::Hander starting up
D/MDnsDS  (  165): MDnsSdListener starting to monitor
D/MDnsDS  (  165): Going to poll with pollCount 1
D/dalvikvm(  170): GC_EXPLICIT freed 30K, 21% free 1400K/1756K, paused 0ms+1ms, total 2ms
D/TextLayoutCache(  170): Using debug level = 0 - Debug Enabled = 0
I/dalvikvm(  170): threadid=1: recursive native library load attempt (/system/lib/libmedia_jni.so)
D/MtpDeviceJNI(  170): register_android_mtp_MtpDevice
I/dalvikvm(  170): threadid=1: recursive native library load attempt (/system/lib/libmedia_jni.so)
I/dalvikvm(  170): threadid=1: recursive native library load attempt (/system/lib/libmedia_jni.so)
I/dalvikvm(  170): threadid=1: recursive native library load attempt (/system/lib/libmedia_jni.so)
D/dalvikvm(  170): GC_EXPLICIT freed 9K, 18% free 1444K/1756K, paused 1ms+1ms, total 3ms
D/dalvikvm(  170): GC_EXPLICIT freed 24K, 16% free 1482K/1756K, paused 1ms+1ms, total 3ms
D/dalvikvm(  170): GC_EXPLICIT freed 15K, 14% free 1522K/1756K, paused 1ms+0ms, total 3ms
D/dalvikvm(  170): GC_EXPLICIT freed 29K, 12% free 1549K/1756K, paused 0ms+0ms, total 3ms
D/dalvikvm(  170): GC_EXPLICIT freed 12K, 9% free 1599K/1756K, paused 1ms+0ms, total 8ms
E/EmojiFactory_jni(  170): Failed to load libemoji.so: dlopen failed: library "libemoji.so" not found
D/dalvikvm(  170): GC_EXPLICIT freed 37K, 3% free 1918K/1960K, paused 0ms+0ms, total 3ms
D/dalvikvm(  170): GC_EXPLICIT freed 34K, 2% free 1943K/1980K, paused 1ms+0ms, total 3ms
D/dalvikvm(  170): GC_EXPLICIT freed 29K, 2% free 1967K/2000K, paused 1ms+0ms, total 5ms
D/dalvikvm(  170): GC_EXPLICIT freed 37K, 2% free 1984K/2024K, paused 1ms+0ms, total 6ms
I/LibraryLoader(  170): loading: webviewchromium
W/EmulatedCamera_Factory(  172):  camera socket connect is not connected, wait(4)...
I/LibraryLoader(  170): loaded: webviewchromium
D/dalvikvm(  170): WAIT_FOR_CONCURRENT_GC blocked 1ms
D/dalvikvm(  170): GC_EXPLICIT freed 14K, 1% free 2026K/2044K, paused 1ms+0ms, total 4ms
D/dalvikvm(  170): GC_EXPLICIT freed 24K, 2% free 2055K/2084K, paused 1ms+1ms, total 5ms
D/dalvikvm(  170): GC_EXPLICIT freed 30K, 2% free 2085K/2116K, paused 5ms+0ms, total 9ms
D/dalvikvm(  170): GC_EXPLICIT freed 35K, 2% free 2104K/2144K, paused 1ms+1ms, total 6ms
D/dalvikvm(  170): GC_EXPLICIT freed 31K, 2% free 2133K/2168K, paused 1ms+0ms, total 3ms
D/dalvikvm(  170): GC_EXPLICIT freed 33K, 2% free 2154K/2192K, paused 0ms+0ms, total 8ms
D/dalvikvm(  170): GC_EXPLICIT freed 35K, 2% free 2172K/2212K, paused 0ms+0ms, total 3ms
D/dalvikvm(  170): GC_EXPLICIT freed 32K, 2% free 2214K/2248K, paused 1ms+0ms, total 8ms
W/Zygote  (  170): Class not found for preloading: java.lang.UnsafeByteSequence
D/dalvikvm(  170): GC_EXPLICIT freed 37K, 2% free 2233K/2276K, paused 1ms+0ms, total 12ms
D/dalvikvm(  170): GC_EXPLICIT freed 43K, 2% free 2246K/2292K, paused 2ms+0ms, total 5ms
D/dalvikvm(  170): GC_EXPLICIT freed 41K, 2% free 2260K/2304K, paused 0ms+0ms, total 5ms
I/System  (  170): Loaded time zone names for "" in 38ms (36ms in ICU)
I/System  (  170): Loaded time zone names for "en_US" in 25ms (23ms in ICU)
I/System  (  170): Loaded time zone names for "zh_CN" in 22ms (20ms in ICU)
D/dalvikvm(  170): GC_EXPLICIT freed 270K, 10% free 2474K/2748K, paused 1ms+0ms, total 5ms
D/dalvikvm(  170): GC_EXPLICIT freed 14K, 8% free 2534K/2748K, paused 0ms+1ms, total 4ms
D/dalvikvm(  170): GC_EXPLICIT freed 42K, 8% free 2546K/2748K, paused 1ms+0ms, total 5ms
D/dalvikvm(  170): GC_EXPLICIT freed 33K, 7% free 2568K/2748K, paused 1ms+0ms, total 9ms
D/dalvikvm(  170): GC_EXPLICIT freed 36K, 6% free 2586K/2748K, paused 3ms+0ms, total 8ms
I/Zygote  (  170): ...preloaded 2777 classes in 1771ms.
D/dalvikvm(  170): GC_EXPLICIT freed 25K, 6% free 2601K/2748K, paused 2ms+0ms, total 5ms
I/Zygote  (  170): Preloading resources...
W/Resources(  170): Preloaded drawable resource #0x1080096 (android:drawable/toast_frame) that varies with configuration!!
W/Resources(  170): Preloaded drawable resource #0x1080105 (android:drawable/btn_check_on_pressed_holo_light) that varies with configuration!!
D/dalvikvm(  170): GC_EXPLICIT freed 19K, 4% free 2646K/2748K, paused 1ms+1ms, total 4ms
W/Resources(  170): Preloaded drawable resource #0x1080104 (android:drawable/btn_check_on_pressed_holo_dark) that varies with configuration!!
W/Resources(  170): Preloaded drawable resource #0x1080102 (android:drawable/btn_check_on_holo_light) that varies with configuration!!
W/Resources(  170): Preloaded drawable resource #0x1080101 (android:drawable/btn_check_on_holo_dark) that varies with configuration!!
D/dalvikvm(  170): GC_EXPLICIT freed 88K, 7% free 2610K/2788K, paused 4ms+1ms, total 7ms
W/Resources(  170): Preloaded drawable resource #0x10800ff (android:drawable/btn_check_on_focused_holo_light) that varies with configuration!!
W/Resources(  170): Preloaded drawable resource #0x10800fe (android:drawable/btn_check_on_focused_holo_dark) that varies with configuration!!
W/Resources(  170): Preloaded drawable resource #0x10800fd (android:drawable/btn_check_on_disabled_holo_light) that varies with configuration!!
D/dalvikvm(  170): GC_EXPLICIT freed 53K, 7% free 2611K/2788K, paused 6ms+1ms, total 9ms
W/Resources(  170): Preloaded drawable resource #0x10800fc (android:drawable/btn_check_on_disabled_holo_dark) that varies with configuration!!
W/Resources(  170): Preloaded drawable resource #0x10800fb (android:drawable/btn_check_on_disabled_focused_holo_light) that varies with configuration!!
W/Resources(  170): Preloaded drawable resource #0x10800fa (android:drawable/btn_check_on_disabled_focused_holo_dark) that varies with configuration!!
D/dalvikvm(  170): GC_EXPLICIT freed 53K, 7% free 2611K/2788K, paused 1ms+1ms, total 6ms
W/Resources(  170): Preloaded drawable resource #0x10800f2 (android:drawable/btn_check_off_pressed_holo_light) that varies with configuration!!
W/Resources(  170): Preloaded drawable resource #0x10800f1 (android:drawable/btn_check_off_pressed_holo_dark) that varies with configuration!!
W/Resources(  170): Preloaded drawable resource #0x10800ed (android:drawable/btn_check_off_holo_light) that varies with configuration!!
D/dalvikvm(  170): GC_EXPLICIT freed 53K, 7% free 2612K/2788K, paused 1ms+0ms, total 5ms
W/Resources(  170): Preloaded drawable resource #0x10800ec (android:drawable/btn_check_off_holo_dark) that varies with configuration!!
W/Resources(  170): Preloaded drawable resource #0x10800ea (android:drawable/btn_check_off_focused_holo_light) that varies with configuration!!
W/Resources(  170): Preloaded drawable resource #0x10800e9 (android:drawable/btn_check_off_focused_holo_dark) that varies with configuration!!
D/dalvikvm(  170): GC_EXPLICIT freed 53K, 7% free 2612K/2788K, paused 1ms+0ms, total 4ms
W/Resources(  170): Preloaded drawable resource #0x10800e8 (android:drawable/btn_check_off_disabled_holo_light) that varies with configuration!!
W/Resources(  170): Preloaded drawable resource #0x10800e7 (android:drawable/btn_check_off_disabled_holo_dark) that varies with configuration!!
W/Resources(  170): Preloaded drawable resource #0x10800e6 (android:drawable/btn_check_off_disabled_focused_holo_light) that varies with configuration!!
D/dalvikvm(  170): GC_EXPLICIT freed 53K, 7% free 2613K/2788K, paused 0ms+1ms, total 4ms
W/Resources(  170): Preloaded drawable resource #0x10800e5 (android:drawable/btn_check_off_disabled_focused_holo_dark) that varies with configuration!!
W/Resources(  170): Preloaded drawable resource #0x1080102 (android:drawable/btn_check_on_holo_light) that varies with configuration!!
W/Resources(  170): Preloaded drawable resource #0x10800ed (android:drawable/btn_check_off_holo_light) that varies with configuration!!
W/Resources(  170): Preloaded drawable resource #0x1080105 (android:drawable/btn_check_on_pressed_holo_light) that varies with configuration!!
W/Resources(  170): Preloaded drawable resource #0x10800f2 (android:drawable/btn_check_off_pressed_holo_light) that varies with configuration!!
W/Resources(  170): Preloaded drawable resource #0x10800ff (android:drawable/btn_check_on_focused_holo_light) that varies with configuration!!
W/Resources(  170): Preloaded drawable resource #0x10800ea (android:drawable/btn_check_off_focused_holo_light) that varies with configuration!!
W/Resources(  170): Preloaded drawable resource #0x10800ed (android:drawable/btn_check_off_holo_light) that varies with configuration!!
W/Resources(  170): Preloaded drawable resource #0x1080102 (android:drawable/btn_check_on_holo_light) that varies with configuration!!
W/Resources(  170): Preloaded drawable resource #0x10800fd (android:drawable/btn_check_on_disabled_holo_light) that varies with configuration!!
W/Resources(  170): Preloaded drawable resource #0x10800e8 (android:drawable/btn_check_off_disabled_holo_light) that varies with configuration!!
W/Resources(  170): Preloaded drawable resource #0x10800fb (android:drawable/btn_check_on_disabled_focused_holo_light) that varies with configuration!!
W/Resources(  170): Preloaded drawable resource #0x10800e6 (android:drawable/btn_check_off_disabled_focused_holo_light) that varies with configuration!!
W/Resources(  170): Preloaded drawable resource #0x10800e8 (android:drawable/btn_check_off_disabled_holo_light) that varies with configuration!!
W/Resources(  170): Preloaded drawable resource #0x10800fd (android:drawable/btn_check_on_disabled_holo_light) that varies with configuration!!
W/Resources(  170): Preloaded drawable resource #0x10800dc (android:drawable/btn_check_holo_light) that varies with configuration!!
D/dalvikvm(  170): GC_EXPLICIT freed 264K, 12% free 2617K/2948K, paused 1ms+0ms, total 4ms
W/Resources(  170): Preloaded drawable resource #0x1080101 (android:drawable/btn_check_on_holo_dark) that varies with configuration!!
W/Resources(  170): Preloaded drawable resource #0x10800ec (android:drawable/btn_check_off_holo_dark) that varies with configuration!!
W/Resources(  170): Preloaded drawable resource #0x1080104 (android:drawable/btn_check_on_pressed_holo_dark) that varies with configuration!!
W/Resources(  170): Preloaded drawable resource #0x10800f1 (android:drawable/btn_check_off_pressed_holo_dark) that varies with configuration!!
W/Resources(  170): Preloaded drawable resource #0x10800fe (android:drawable/btn_check_on_focused_holo_dark) that varies with configuration!!
W/Resources(  170): Preloaded drawable resource #0x10800e9 (android:drawable/btn_check_off_focused_holo_dark) that varies with configuration!!
W/Resources(  170): Preloaded drawable resource #0x10800ec (android:drawable/btn_check_off_holo_dark) that varies with configuration!!
W/Resources(  170): Preloaded drawable resource #0x1080101 (android:drawable/btn_check_on_holo_dark) that varies with configuration!!
W/Resources(  170): Preloaded drawable resource #0x10800fc (android:drawable/btn_check_on_disabled_holo_dark) that varies with configuration!!
W/Resources(  170): Preloaded drawable resource #0x10800e7 (android:drawable/btn_check_off_disabled_holo_dark) that varies with configuration!!
W/Resources(  170): Preloaded drawable resource #0x10800fa (android:drawable/btn_check_on_disabled_focused_holo_dark) that varies with configuration!!
W/Resources(  170): Preloaded drawable resource #0x10800e5 (android:drawable/btn_check_off_disabled_focused_holo_dark) that varies with configuration!!
W/Resources(  170): Preloaded drawable resource #0x10800e7 (android:drawable/btn_check_off_disabled_holo_dark) that varies with configuration!!
W/Resources(  170): Preloaded drawable resource #0x10800fc (android:drawable/btn_check_on_disabled_holo_dark) that varies with configuration!!
W/Resources(  170): Preloaded drawable resource #0x10800db (android:drawable/btn_check_holo_dark) that varies with configuration!!
D/dalvikvm(  170): GC_EXPLICIT freed 250K, 12% free 2618K/2948K, paused 1ms+0ms, total 5ms
W/Resources(  170): Preloaded drawable resource #0x1080195 (android:drawable/btn_radio_on_pressed_holo_light) that varies with configuration!!
W/Resources(  170): Preloaded drawable resource #0x1080194 (android:drawable/btn_radio_on_pressed_holo_dark) that varies with configuration!!
W/Resources(  170): Preloaded drawable resource #0x1080192 (android:drawable/btn_radio_on_holo_light) that varies with configuration!!
D/dalvikvm(  170): GC_EXPLICIT freed 56K, 12% free 2615K/2948K, paused 0ms+0ms, total 4ms
W/Resources(  170): Preloaded drawable resource #0x1080191 (android:drawable/btn_radio_on_holo_dark) that varies with configuration!!
W/Resources(  170): Preloaded drawable resource #0x108018f (android:drawable/btn_radio_on_focused_holo_light) that varies with configuration!!
W/Resources(  170): Preloaded drawable resource #0x108018e (android:drawable/btn_radio_on_focused_holo_dark) that varies with configuration!!
D/dalvikvm(  170): GC_EXPLICIT freed 52K, 12% free 2615K/2948K, paused 1ms+0ms, total 9ms
W/Resources(  170): Preloaded drawable resource #0x108018d (android:drawable/btn_radio_on_disabled_holo_light) that varies with configuration!!
W/Resources(  170): Preloaded drawable resource #0x108018c (android:drawable/btn_radio_on_disabled_holo_dark) that varies with configuration!!
W/Resources(  170): Preloaded drawable resource #0x108018b (android:drawable/btn_radio_on_disabled_focused_holo_light) that varies with configuration!!
D/dalvikvm(  170): GC_EXPLICIT freed 53K, 12% free 2616K/2948K, paused 1ms+0ms, total 5ms
W/Resources(  170): Preloaded drawable resource #0x108018a (android:drawable/btn_radio_on_disabled_focused_holo_dark) that varies with configuration!!
W/Resources(  170): Preloaded drawable resource #0x1080187 (android:drawable/btn_radio_off_pressed_holo_light) that varies with configuration!!
W/Resources(  170): Preloaded drawable resource #0x1080186 (android:drawable/btn_radio_off_pressed_holo_dark) that varies with configuration!!
D/dalvikvm(  170): GC_EXPLICIT freed 53K, 12% free 2617K/2948K, paused 1ms+1ms, total 6ms
W/Resources(  170): Preloaded drawable resource #0x1080184 (android:drawable/btn_radio_off_holo_light) that varies with configuration!!
W/Resources(  170): Preloaded drawable resource #0x1080183 (android:drawable/btn_radio_off_holo_dark) that varies with configuration!!
W/Resources(  170): Preloaded drawable resource #0x1080181 (android:drawable/btn_radio_off_focused_holo_light) that varies with configuration!!
D/dalvikvm(  170): GC_EXPLICIT freed 52K, 12% free 2617K/2948K, paused 1ms+0ms, total 4ms
W/Resources(  170): Preloaded drawable resource #0x1080180 (android:drawable/btn_radio_off_focused_holo_dark) that varies with configuration!!
W/Resources(  170): Preloaded drawable resource #0x108017f (android:drawable/btn_radio_off_disabled_holo_light) that varies with configuration!!
W/Resources(  170): Preloaded drawable resource #0x108017e (android:drawable/btn_radio_off_disabled_holo_dark) that varies with configuration!!
D/dalvikvm(  170): GC_EXPLICIT freed 53K, 12% free 2618K/2948K, paused 0ms+0ms, total 4ms
W/Resources(  170): Preloaded drawable resource #0x108017d (android:drawable/btn_radio_off_disabled_focused_holo_light) that varies with configuration!!
W/Resources(  170): Preloaded drawable resource #0x108017c (android:drawable/btn_radio_off_disabled_focused_holo_dark) that varies with configuration!!
W/Resources(  170): Preloaded drawable resource #0x1080128 (android:drawable/btn_default_pressed_holo_light) that varies with configuration!!
D/dalvikvm(  170): GC_EXPLICIT freed 37K, 11% free 2631K/2948K, paused 1ms+1ms, total 5ms
W/Resources(  170): Preloaded drawable resource #0x1080127 (android:drawable/btn_default_pressed_holo_dark) that varies with configuration!!
W/Resources(  170): Preloaded drawable resource #0x1080124 (android:drawable/btn_default_normal_holo_light) that varies with configuration!!
W/Resources(  170): Preloaded drawable resource #0x1080123 (android:drawable/btn_default_normal_holo_dark) that varies with configuration!!
W/Resources(  170): Preloaded drawable resource #0x108011c (android:drawable/btn_default_focused_holo_light) that varies with configuration!!
D/dalvikvm(  170): GC_EXPLICIT freed 19K, 10% free 2671K/2948K, paused 1ms+0ms, total 6ms
W/Resources(  170): Preloaded drawable resource #0x108011b (android:drawable/btn_default_focused_holo_dark) that varies with configuration!!
W/Resources(  170): Preloaded drawable resource #0x1080119 (android:drawable/btn_default_disabled_holo_light) that varies with configuration!!
W/Resources(  170): Preloaded drawable resource #0x1080118 (android:drawable/btn_default_disabled_holo_dark) that varies with configuration!!
W/Resources(  170): Preloaded drawable resource #0x1080116 (android:drawable/btn_default_disabled_focused_holo_light) that varies with configuration!!
D/dalvikvm(  170): GC_EXPLICIT freed 59K, 10% free 2672K/2948K, paused 1ms+2ms, total 9ms
W/Resources(  170): Preloaded drawable resource #0x1080115 (android:drawable/btn_default_disabled_focused_holo_dark) that varies with configuration!!
W/Resources(  170): Preloaded drawable resource #0x1080123 (android:drawable/btn_default_normal_holo_dark) that varies with configuration!!
W/Resources(  170): Preloaded drawable resource #0x1080118 (android:drawable/btn_default_disabled_holo_dark) that varies with configuration!!
W/Resources(  170): Preloaded drawable resource #0x1080127 (android:drawable/btn_default_pressed_holo_dark) that varies with configuration!!
W/Resources(  170): Preloaded drawable resource #0x108011b (android:drawable/btn_default_focused_holo_dark) that varies with configuration!!
W/Resources(  170): Preloaded drawable resource #0x1080123 (android:drawable/btn_default_normal_holo_dark) that varies with configuration!!
W/Resources(  170): Preloaded drawable resource #0x1080115 (android:drawable/btn_default_disabled_focused_holo_dark) that varies with configuration!!
W/Resources(  170): Preloaded drawable resource #0x1080118 (android:drawable/btn_default_disabled_holo_dark) that varies with configuration!!
W/Resources(  170): Preloaded drawable resource #0x108011d (android:drawable/btn_default_holo_dark) that varies with configuration!!
D/dalvikvm(  170): GC_EXPLICIT freed 66K, 8% free 2727K/2948K, paused 1ms+0ms, total 10ms
W/Resources(  170): Preloaded drawable resource #0x1080124 (android:drawable/btn_default_normal_holo_light) that varies with configuration!!
W/Resources(  170): Preloaded drawable resource #0x1080119 (android:drawable/btn_default_disabled_holo_light) that varies with configuration!!
W/Resources(  170): Preloaded drawable resource #0x1080128 (android:drawable/btn_default_pressed_holo_light) that varies with configuration!!
W/Resources(  170): Preloaded drawable resource #0x108011c (android:drawable/btn_default_focused_holo_light) that varies with configuration!!
W/Resources(  170): Preloaded drawable resource #0x1080124 (android:drawable/btn_default_normal_holo_light) that varies with configuration!!
W/Resources(  170): Preloaded drawable resource #0x1080116 (android:drawable/btn_default_disabled_focused_holo_light) that varies with configuration!!
W/Resources(  170): Preloaded drawable resource #0x1080119 (android:drawable/btn_default_disabled_holo_light) that varies with configuration!!
W/Resources(  170): Preloaded drawable resource #0x108011e (android:drawable/btn_default_holo_light) that varies with configuration!!
D/dalvikvm(  170): GC_EXPLICIT freed 118K, 8% free 2714K/2948K, paused 1ms+1ms, total 4ms
W/Resources(  170): Preloaded drawable resource #0x10801d1 (android:drawable/btn_star_off_normal_holo_light) that varies with configuration!!
W/Resources(  170): Preloaded drawable resource #0x10801db (android:drawable/btn_star_on_normal_holo_light) that varies with configuration!!
W/Resources(  170): Preloaded drawable resource #0x10801d7 (android:drawable/btn_star_on_disabled_holo_light) that varies with configuration!!
D/dalvikvm(  170): GC_EXPLICIT freed 146K, 12% free 2621K/2948K, paused 1ms+0ms, total 5ms
W/Resources(  170): Preloaded drawable resource #0x10801cd (android:drawable/btn_star_off_disabled_holo_light) that varies with configuration!!
W/Resources(  170): Preloaded drawable resource #0x10801dd (android:drawable/btn_star_on_pressed_holo_light) that varies with configuration!!
W/Resources(  170): Preloaded drawable resource #0x10801d3 (android:drawable/btn_star_off_pressed_holo_light) that varies with configuration!!
D/dalvikvm(  170): GC_EXPLICIT freed 53K, 12% free 2621K/2948K, paused 1ms+0ms, total 5ms
W/Resources(  170): Preloaded drawable resource #0x10801d9 (android:drawable/btn_star_on_focused_holo_light) that varies with configuration!!
W/Resources(  170): Preloaded drawable resource #0x10801cf (android:drawable/btn_star_off_focused_holo_light) that varies with configuration!!
W/Resources(  170): Preloaded drawable resource #0x10801d5 (android:drawable/btn_star_on_disabled_focused_holo_light) that varies with configuration!!
D/dalvikvm(  170): GC_EXPLICIT freed 53K, 12% free 2622K/2948K, paused 1ms+0ms, total 5ms
W/Resources(  170): Preloaded drawable resource #0x10801cb (android:drawable/btn_star_off_disabled_focused_holo_light) that varies with configuration!!
W/Resources(  170): Preloaded drawable resource #0x10801d1 (android:drawable/btn_star_off_normal_holo_light) that varies with configuration!!
W/Resources(  170): Preloaded drawable resource #0x10801db (android:drawable/btn_star_on_normal_holo_light) that varies with configuration!!
W/Resources(  170): Preloaded drawable resource #0x10801d7 (android:drawable/btn_star_on_disabled_holo_light) that varies with configuration!!
W/Resources(  170): Preloaded drawable resource #0x10801cd (android:drawable/btn_star_off_disabled_holo_light) that varies with configuration!!
W/Resources(  170): Preloaded drawable resource #0x10801dd (android:drawable/btn_star_on_pressed_holo_light) that varies with configuration!!
W/Resources(  170): Preloaded drawable resource #0x10801d3 (android:drawable/btn_star_off_pressed_holo_light) that varies with configuration!!
W/Resources(  170): Preloaded drawable resource #0x10801d9 (android:drawable/btn_star_on_focused_holo_light) that varies with configuration!!
W/Resources(  170): Preloaded drawable resource #0x10801cf (android:drawable/btn_star_off_focused_holo_light) that varies with configuration!!
W/Resources(  170): Preloaded drawable resource #0x10801d5 (android:drawable/btn_star_on_disabled_focused_holo_light) that varies with configuration!!
W/Resources(  170): Preloaded drawable resource #0x10801d7 (android:drawable/btn_star_on_disabled_holo_light) that varies with configuration!!
W/Resources(  170): Preloaded drawable resource #0x10801cb (android:drawable/btn_star_off_disabled_focused_holo_light) that varies with configuration!!
W/Resources(  170): Preloaded drawable resource #0x10801cd (android:drawable/btn_star_off_disabled_holo_light) that varies with configuration!!
W/Resources(  170): Preloaded drawable resource #0x10801d1 (android:drawable/btn_star_off_normal_holo_light) that varies with configuration!!
W/Resources(  170): Preloaded drawable resource #0x10801db (android:drawable/btn_star_on_normal_holo_light) that varies with configuration!!
W/Resources(  170): Preloaded drawable resource #0x10801c8 (android:drawable/btn_star_holo_light) that varies with configuration!!
D/dalvikvm(  170): GC_EXPLICIT freed 264K, 12% free 2626K/2968K, paused 0ms+0ms, total 4ms
W/Resources(  170): Preloaded drawable resource #0x10801d0 (android:drawable/btn_star_off_normal_holo_dark) that varies with configuration!!
W/Resources(  170): Preloaded drawable resource #0x10801da (android:drawable/btn_star_on_normal_holo_dark) that varies with configuration!!
W/Resources(  170): Preloaded drawable resource #0x10801d6 (android:drawable/btn_star_on_disabled_holo_dark) that varies with configuration!!
D/dalvikvm(  170): GC_EXPLICIT freed 56K, 12% free 2623K/2968K, paused 1ms+1ms, total 6ms
W/Resources(  170): Preloaded drawable resource #0x10801cc (android:drawable/btn_star_off_disabled_holo_dark) that varies with configuration!!
W/Resources(  170): Preloaded drawable resource #0x10801dc (android:drawable/btn_star_on_pressed_holo_dark) that varies with configuration!!
W/Resources(  170): Preloaded drawable resource #0x10801d2 (android:drawable/btn_star_off_pressed_holo_dark) that varies with configuration!!
D/dalvikvm(  170): GC_EXPLICIT freed 53K, 12% free 2623K/2968K, paused 1ms+1ms, total 5ms
W/Resources(  170): Preloaded drawable resource #0x10801d8 (android:drawable/btn_star_on_focused_holo_dark) that varies with configuration!!
W/Resources(  170): Preloaded drawable resource #0x10801ce (android:drawable/btn_star_off_focused_holo_dark) that varies with configuration!!
W/Resources(  170): Preloaded drawable resource #0x10801d4 (android:drawable/btn_star_on_disabled_focused_holo_dark) that varies with configuration!!
D/dalvikvm(  170): GC_EXPLICIT freed 53K, 12% free 2624K/2968K, paused 1ms+2ms, total 8ms
W/Resources(  170): Preloaded drawable resource #0x10801ca (android:drawable/btn_star_off_disabled_focused_holo_dark) that varies with configuration!!
W/Resources(  170): Preloaded drawable resource #0x10801d0 (android:drawable/btn_star_off_normal_holo_dark) that varies with configuration!!
W/Resources(  170): Preloaded drawable resource #0x10801da (android:drawable/btn_star_on_normal_holo_dark) that varies with configuration!!
W/Resources(  170): Preloaded drawable resource #0x10801d6 (android:drawable/btn_star_on_disabled_holo_dark) that varies with configuration!!
W/Resources(  170): Preloaded drawable resource #0x10801cc (android:drawable/btn_star_off_disabled_holo_dark) that varies with configuration!!
W/Resources(  170): Preloaded drawable resource #0x10801dc (android:drawable/btn_star_on_pressed_holo_dark) that varies with configuration!!
W/Resources(  170): Preloaded drawable resource #0x10801d2 (android:drawable/btn_star_off_pressed_holo_dark) that varies with configuration!!
W/Resources(  170): Preloaded drawable resource #0x10801d8 (android:drawable/btn_star_on_focused_holo_dark) that varies with configuration!!
W/Resources(  170): Preloaded drawable resource #0x10801ce (android:drawable/btn_star_off_focused_holo_dark) that varies with configuration!!
W/Resources(  170): Preloaded drawable resource #0x10801d4 (android:drawable/btn_star_on_disabled_focused_holo_dark) that varies with configuration!!
W/Resources(  170): Preloaded drawable resource #0x10801d6 (android:drawable/btn_star_on_disabled_holo_dark) that varies with configuration!!
W/Resources(  170): Preloaded drawable resource #0x10801ca (android:drawable/btn_star_off_disabled_focused_holo_dark) that varies with configuration!!
W/Resources(  170): Preloaded drawable resource #0x10801cc (android:drawable/btn_star_off_disabled_holo_dark) that varies with configuration!!
W/Resources(  170): Preloaded drawable resource #0x10801d0 (android:drawable/btn_star_off_normal_holo_dark) that varies with configuration!!
W/Resources(  170): Preloaded drawable resource #0x10801da (android:drawable/btn_star_on_normal_holo_dark) that varies with configuration!!
W/Resources(  170): Preloaded drawable resource #0x10801c7 (android:drawable/btn_star_holo_dark) that varies with configuration!!
D/dalvikvm(  170): GC_EXPLICIT freed 264K, 12% free 2628K/2968K, paused 1ms+0ms, total 5ms
W/Resources(  170): Preloaded drawable resource #0x10801f7 (android:drawable/btn_toggle_on_pressed_holo_light) that varies with configuration!!
W/Resources(  170): Preloaded drawable resource #0x10801f6 (android:drawable/btn_toggle_on_pressed_holo_dark) that varies with configuration!!
W/Resources(  170): Preloaded drawable resource #0x10801f5 (android:drawable/btn_toggle_on_normal_holo_light) that varies with configuration!!
W/Resources(  170): Preloaded drawable resource #0x10801f4 (android:drawable/btn_toggle_on_normal_holo_dark) that varies with configuration!!
D/dalvikvm(  170): GC_EXPLICIT freed 10K, 10% free 2678K/2968K, paused 0ms+0ms, total 7ms
W/Resources(  170): Preloaded drawable resource #0x10801f3 (android:drawable/btn_toggle_on_focused_holo_light) that varies with configuration!!
W/Resources(  170): Preloaded drawable resource #0x10801f2 (android:drawable/btn_toggle_on_focused_holo_dark) that varies with configuration!!
W/Resources(  170): Preloaded drawable resource #0x10801f1 (android:drawable/btn_toggle_on_disabled_holo_light) that varies with configuration!!
W/Resources(  170): Preloaded drawable resource #0x10801f0 (android:drawable/btn_toggle_on_disabled_holo_dark) that varies with configuration!!
D/dalvikvm(  170): GC_EXPLICIT freed 59K, 10% free 2679K/2968K, paused 0ms+0ms, total 5ms
W/Resources(  170): Preloaded drawable resource #0x10801ef (android:drawable/btn_toggle_on_disabled_focused_holo_light) that varies with configuration!!
W/Resources(  170): Preloaded drawable resource #0x10801ee (android:drawable/btn_toggle_on_disabled_focused_holo_dark) that varies with configuration!!
W/Resources(  170): Preloaded drawable resource #0x10801ec (android:drawable/btn_toggle_off_pressed_holo_light) that varies with configuration!!
W/Resources(  170): Preloaded drawable resource #0x10801eb (android:drawable/btn_toggle_off_pressed_holo_dark) that varies with configuration!!
D/dalvikvm(  170): GC_EXPLICIT freed 59K, 10% free 2679K/2968K, paused 1ms+1ms, total 5ms
W/Resources(  170): Preloaded drawable resource #0x10801ea (android:drawable/btn_toggle_off_normal_holo_light) that varies with configuration!!
W/Resources(  170): Preloaded drawable resource #0x10801e9 (android:drawable/btn_toggle_off_normal_holo_dark) that varies with configuration!!
W/Resources(  170): Preloaded drawable resource #0x10801e8 (android:drawable/btn_toggle_off_focused_holo_light) that varies with configuration!!
W/Resources(  170): Preloaded drawable resource #0x10801e7 (android:drawable/btn_toggle_off_focused_holo_dark) that varies with configuration!!
D/dalvikvm(  170): GC_EXPLICIT freed 59K, 10% free 2680K/2968K, paused 1ms+1ms, total 4ms
W/Resources(  170): Preloaded drawable resource #0x10801e6 (android:drawable/btn_toggle_off_disabled_holo_light) that varies with configuration!!
W/Resources(  170): Preloaded drawable resource #0x10801e5 (android:drawable/btn_toggle_off_disabled_holo_dark) that varies with configuration!!
W/Resources(  170): Preloaded drawable resource #0x10801e4 (android:drawable/btn_toggle_off_disabled_focused_holo_light) that varies with configuration!!
W/Resources(  170): Preloaded drawable resource #0x10801e3 (android:drawable/btn_toggle_off_disabled_focused_holo_dark) that varies with configuration!!
D/dalvikvm(  170): GC_EXPLICIT freed 59K, 10% free 2681K/2968K, paused 1ms+0ms, total 4ms
W/Resources(  170): Preloaded drawable resource #0x10801f5 (android:drawable/btn_toggle_on_normal_holo_light) that varies with configuration!!
W/Resources(  170): Preloaded drawable resource #0x10801f1 (android:drawable/btn_toggle_on_disabled_holo_light) that varies with configuration!!
W/Resources(  170): Preloaded drawable resource #0x10801f7 (android:drawable/btn_toggle_on_pressed_holo_light) that varies with configuration!!
W/Resources(  170): Preloaded drawable resource #0x10801f3 (android:drawable/btn_toggle_on_focused_holo_light) that varies with configuration!!
W/Resources(  170): Preloaded drawable resource #0x10801f5 (android:drawable/btn_toggle_on_normal_holo_light) that varies with configuration!!
W/Resources(  170): Preloaded drawable resource #0x10801ef (android:drawable/btn_toggle_on_disabled_focused_holo_light) that varies with configuration!!
W/Resources(  170): Preloaded drawable resource #0x10801f1 (android:drawable/btn_toggle_on_disabled_holo_light) that varies with configuration!!
W/Resources(  170): Preloaded drawable resource #0x10801ea (android:drawable/btn_toggle_off_normal_holo_light) that varies with configuration!!
W/Resources(  170): Preloaded drawable resource #0x10801e6 (android:drawable/btn_toggle_off_disabled_holo_light) that varies with configuration!!
W/Resources(  170): Preloaded drawable resource #0x10801ec (android:drawable/btn_toggle_off_pressed_holo_light) that varies with configuration!!
W/Resources(  170): Preloaded drawable resource #0x10801e8 (android:drawable/btn_toggle_off_focused_holo_light) that varies with configuration!!
W/Resources(  170): Preloaded drawable resource #0x10801ea (android:drawable/btn_toggle_off_normal_holo_light) that varies with configuration!!
W/Resources(  170): Preloaded drawable resource #0x10801e4 (android:drawable/btn_toggle_off_disabled_focused_holo_light) that varies with configuration!!
W/Resources(  170): Preloaded drawable resource #0x10801e6 (android:drawable/btn_toggle_off_disabled_holo_light) that varies with configuration!!
W/Resources(  170): Preloaded drawable resource #0x10801e1 (android:drawable/btn_toggle_holo_light) that varies with configuration!!
D/dalvikvm(  170): GC_EXPLICIT freed 75K, 6% free 2816K/2968K, paused 2ms+0ms, total 6ms
W/Resources(  170): Preloaded drawable resource #0x10801f4 (android:drawable/btn_toggle_on_normal_holo_dark) that varies with configuration!!
W/Resources(  170): Preloaded drawable resource #0x10801f0 (android:drawable/btn_toggle_on_disabled_holo_dark) that varies with configuration!!
W/Resources(  170): Preloaded drawable resource #0x10801f6 (android:drawable/btn_toggle_on_pressed_holo_dark) that varies with configuration!!
W/Resources(  170): Preloaded drawable resource #0x10801f2 (android:drawable/btn_toggle_on_focused_holo_dark) that varies with configuration!!
W/Resources(  170): Preloaded drawable resource #0x10801f4 (android:drawable/btn_toggle_on_normal_holo_dark) that varies with configuration!!
W/Resources(  170): Preloaded drawable resource #0x10801ee (android:drawable/btn_toggle_on_disabled_focused_holo_dark) that varies with configuration!!
W/Resources(  170): Preloaded drawable resource #0x10801f0 (android:drawable/btn_toggle_on_disabled_holo_dark) that varies with configuration!!
W/Resources(  170): Preloaded drawable resource #0x10801e9 (android:drawable/btn_toggle_off_normal_holo_dark) that varies with configuration!!
W/Resources(  170): Preloaded drawable resource #0x10801e5 (android:drawable/btn_toggle_off_disabled_holo_dark) that varies with configuration!!
W/Resources(  170): Preloaded drawable resource #0x10801eb (android:drawable/btn_toggle_off_pressed_holo_dark) that varies with configuration!!
W/Resources(  170): Preloaded drawable resource #0x10801e7 (android:drawable/btn_toggle_off_focused_holo_dark) that varies with configuration!!
W/Resources(  170): Preloaded drawable resource #0x10801e9 (android:drawable/btn_toggle_off_normal_holo_dark) that varies with configuration!!
W/Resources(  170): Preloaded drawable resource #0x10801e3 (android:drawable/btn_toggle_off_disabled_focused_holo_dark) that varies with configuration!!
W/Resources(  170): Preloaded drawable resource #0x10801e5 (android:drawable/btn_toggle_off_disabled_holo_dark) that varies with configuration!!
W/Resources(  170): Preloaded drawable resource #0x10801e0 (android:drawable/btn_toggle_holo_dark) that varies with configuration!!
D/dalvikvm(  170): GC_EXPLICIT freed 210K, 9% free 2816K/3064K, paused 5ms+1ms, total 19ms
W/Resources(  170): Preloaded drawable resource #0x108064c (android:drawable/textfield_multiline_default_holo_light) that varies with configuration!!
W/Resources(  170): Preloaded drawable resource #0x1080650 (android:drawable/textfield_multiline_disabled_holo_light) that varies with configuration!!
W/Resources(  170): Preloaded drawable resource #0x108064a (android:drawable/textfield_multiline_activated_holo_light) that varies with configuration!!
W/Resources(  170): Preloaded drawable resource #0x1080652 (android:drawable/textfield_multiline_focused_holo_light) that varies with configuration!!
W/Resources(  170): Preloaded drawable resource #0x108064c (android:drawable/textfield_multiline_default_holo_light) that varies with configuration!!
W/Resources(  170): Preloaded drawable resource #0x108064e (android:drawable/textfield_multiline_disabled_focused_holo_light) that varies with configuration!!
W/Resources(  170): Preloaded drawable resource #0x1080650 (android:drawable/textfield_multiline_disabled_holo_light) that varies with configuration!!
W/Resources(  170): Preloaded drawable resource #0x108063f (android:drawable/textfield_default_holo_light) that varies with configuration!!
W/Resources(  170): Preloaded drawable resource #0x1080644 (android:drawable/textfield_disabled_holo_light) that varies with configuration!!
W/Resources(  170): Preloaded drawable resource #0x1080637 (android:drawable/textfield_activated_holo_light) that varies with configuration!!
W/Resources(  170): Preloaded drawable resource #0x1080647 (android:drawable/textfield_focused_holo_light) that varies with configuration!!
