D/dalvikvm(  435): GC_CONCURRENT freed 228K, 5% free 4663K/4900K, paused 3ms+0ms, total 45ms
D/Launcher.Model(  435): Invalid package: ComponentInfo{com.vphone.launcher.ad.icon/com.vphone.launcher.icon} (check again later)
D/dalvikvm(  435): GC_CONCURRENT freed 247K, 7% free 4934K/5260K, paused 3ms+0ms, total 24ms
D/AndroidRuntime(  536): 
D/AndroidRuntime(  536): >>>>>> AndroidRuntime START com.android.internal.os.RuntimeInit <<<<<<
D/WifiStateMachine(  263): VerifyingLinkState enter
D/WifiStateMachine(  263): VerifyingLinkState GOOD_LINK_DETECTED: transition to captive portal check
D/WifiStateMachine(  263): CaptivePortalCheckState enter
D/dalvikvm(  263): GC_CONCURRENT freed 373K, 8% free 5495K/5932K, paused 12ms+1ms, total 62ms
D/WifiStateMachine(  263): CaptivePortalCheckState CMD_CAPTIVE_CHECK_COMPLETE
D/ConnectivityService(  263): Captive portal check NetworkInfo: type: WIFI[], state: CONNECTING/CAPTIVE_PORTAL_CHECK, reason: (unspecified), extra: "AndroidAP", roaming: false, failover: false, isAvailable: true, isConnectedToProvisioningNetwork: false
D/ConnectivityService(  263): handleCaptivePortalTrackerCheck: call captivePortalCheckComplete ni=NetworkInfo: type: WIFI[], state: CONNECTING/CAPTIVE_PORTAL_CHECK, reason: (unspecified), extra: "AndroidAP", roaming: false, failover: false, isAvailable: true, isConnectedToProvisioningNetwork: false
D/ConnectivityService(  263): ConnectivityChange for WIFI: CONNECTED/CONNECTED
E/ConnectivityService(  263): Unexpected mtu value: android.net.wifi.WifiStateTracker@4a8e3bc0
D/ConnectivityService(  263): sending Proxy Broadcast for [192.168.8.1] 7777 xl=
D/Nat464Xlat(  263): requiresClat: netType=1, hasIPv4Address=true
D/NOX-AGPS(  581): 0|37313|7127(mnc=0, lac=37313, cid=7127) for lng=108.563583 & lat=34.001251 
D/libEGL  (  435): loaded /system/lib/egl/libEGL_adreno.so
D/        (  435): HostConnection::get() New Host Connection established 0xb7b05c50, tid 435
D/dalvikvm(  435): GC_CONCURRENT freed 329K, 7% free 5190K/5580K, paused 3ms+11ms, total 37ms
D/libEGL  (  435): loaded /system/lib/egl/libGLESv1_CM_adreno.so
E/NOX     (   67): recv() error
D/NOX     (   67): Socket read error
D/libEGL  (  435): loaded /system/lib/egl/libGLESv2_adreno.so
W/EGL_emulation(  435): eglSurfaceAttrib not implemented 3093 12436
D/OpenGLRenderer(  435): Enabling debug mode 0
I/Choreographer(  435): Skipped 71 frames!  The application may be doing too much work on its main thread.
D/Launcher.Model(  435): 11683562 - loadWorkspaceScreensDb()
D/Launcher.Model(  435): 11683562 -   screens: { 0: 1 }
D/Launcher.Model(  435): 11683562 -   sBgWorkspaceScreens: 1
W/ContextImpl(  263): Calling a method in the system process without a qualified user: android.app.ContextImpl.sendBroadcast:1123 com.android.server.InputMethodManagerService.hideCurrentInputLocked:1880 com.android.server.InputMethodManagerService.windowGainedFocus:1968 com.android.internal.view.IInputMethodManager$Stub.onTransact:221 com.android.server.InputMethodManagerService.onTransact:818 
I/ActivityManager(  263): Displayed com.vphone.launcher/.Launcher: +6s698ms
V/WebViewChromium(  435): Binding Chromium to the background looper Looper (main, tid 1) {4a7e1ac0}
I/chromium(  435): [INFO:library_loader_hooks.cc(112)] Chromium logging enabled: level = 0, default verbosity = 0
I/BrowserProcessMain(  435): Initializing chromium process, renderers=0
W/chromium(  435): [WARNING:proxy_service.cc(888)] PAC support disabled because there is no system implementation
D/AndroidRuntime(  536): CheckJNI is OFF
D/dalvikvm(  536): Using executionMode 2
D/dalvikvm(  435): GC_CONCURRENT freed 409K, 8% free 5452K/5920K, paused 5ms+1ms, total 29ms
D/dalvikvm(  435): WAIT_FOR_CONCURRENT_GC blocked 24ms
I/dalvikvm-heap(  435): Grow heap (frag case) to 6.450MB for 1127532-byte allocation
D/dalvikvm(  435): GC_FOR_ALLOC freed 27K, 8% free 6526K/7024K, paused 5ms, total 6ms
I/Choreographer(  435): Skipped 34 frames!  The application may be doing too much work on its main thread.
D/Launcher(  435): 11683562 - bindAddScreens()
D/Launcher(  435): 11683562 -   orderedScreenIds: 1
D/Launcher.Workspace(  435): 11683562 - insertNewWorkspaceScreen(): 1 at index: 0
D/EventBus(  435): No subscribers registered for event class com.vphone.launcher.game.event.RankEvent
D/EventBus(  435): No subscribers registered for event class org.greenrobot.eventbus.NoSubscriberEvent
D/dalvikvm(  536): Trying to load lib libjavacore.so 0x0
D/dalvikvm(  536): Added shared lib libjavacore.so 0x0
D/dalvikvm(  536): Trying to load lib libnativehelper.so 0x0
D/dalvikvm(  536): Added shared lib libnativehelper.so 0x0
D/dalvikvm(  536): No JNI_OnLoad found in libnativehelper.so 0x0, skipping init
I/SurfaceFlinger(  169): Boot is finished (20714 ms)
D/dalvikvm(  435): GC_CONCURRENT freed 2138K, 29% free 5585K/7772K, paused 9ms+21ms, total 74ms
D/dalvikvm(  435): WAIT_FOR_CONCURRENT_GC blocked 34ms
D/dalvikvm(  435): WAIT_FOR_CONCURRENT_GC blocked 35ms
D/dalvikvm(  435): WAIT_FOR_CONCURRENT_GC blocked 34ms
D/BluetoothManagerService(  263): Retrieving Bluetooth Adapter name and address...
D/BluetoothManagerService(  263): getNameAndAddress(): mBluetooth = null mBinding = false
D/BluetoothManagerService(  263): Message: 200
D/BluetoothManagerService(  263): MESSAGE_GET_NAME_AND_ADDRESS
D/BluetoothManagerService(  263): Binding to service to get name and address
E/BluetoothManagerService(  263): Fail to bind to: Intent { act=android.bluetooth.IBluetooth }
E/BluetoothHeadset(  263): Could not bind to Bluetooth Headset Service with Intent { act=android.bluetooth.IBluetoothHeadset }
E/BluetoothA2dp(  263): Could not bind to Bluetooth A2DP Service with Intent { act=android.bluetooth.IBluetoothA2dp }
D/BluetoothManagerService(  263): Message: 20
D/BluetoothManagerService(  263): Added callback: android.bluetooth.BluetoothAdapter$1@4a94b13c:true
D/BluetoothManagerService(  263): Message: 30
D/BluetoothManagerService(  263): Message: 30
V/WiredAccessoryManager(  263): init()
I/PowerManagerService(  263): Boot animation finished.
I/RecoverySystem(  263): No recovery log file
I/BootReceiver(  263): Copying audit failures to DropBox
I/BootReceiver(  263): Checking for fsck errors
I/ActivityManager(  263): Start proc com.android.providers.calendar for broadcast com.android.providers.calendar/.CalendarReceiver: pid=621 uid=10001 gids={50001, 3003, 1028, 1015, 1023}
D/dalvikvm(  170): GC_EXPLICIT freed 37K, 4% free 2951K/3044K, paused 3ms+0ms, total 52ms
D/dalvikvm(  170): GC_EXPLICIT freed <1K, 4% free 2951K/3044K, paused 1ms+1ms, total 36ms
D/dalvikvm(  170): GC_EXPLICIT freed <1K, 4% free 2951K/3044K, paused 1ms+0ms, total 21ms
D/dalvikvm(  536): Note: class Landroid/app/ActivityManagerNative; has 179 unimplemented (abstract) methods
I/ActivityManager(  263): Start proc android.process.media for content provider com.android.providers.downloads/.DownloadProvider: pid=631 uid=10004 gids={50004, 1028, 1015, 1023, 1024, 2001, 3003, 3007}
I/dalvikvm(  621): ignoring registerObject request in thread=1
I/dalvikvm(  621): ignoring registerObject request in thread=1
W/dalvikvm(  435): VFY: unable to find class referenced in signature (Ljava/nio/file/Path;)
W/dalvikvm(  435): VFY: unable to find class referenced in signature ([Ljava/nio/file/OpenOption;)
I/dalvikvm(  435): Could not find method java.nio.file.Files.newOutputStream, referenced from method okio.Okio.sink
W/dalvikvm(  435): VFY: unable to resolve static method 45304: Ljava/nio/file/Files;.newOutputStream (Ljava/nio/file/Path;[Ljava/nio/file/OpenOption;)Ljava/io/OutputStream;
D/dalvikvm(  435): VFY: replacing opcode 0x71 at 0x000a
W/dalvikvm(  435): VFY: unable to find class referenced in signature (Ljava/nio/file/Path;)
W/dalvikvm(  435): VFY: unable to find class referenced in signature ([Ljava/nio/file/OpenOption;)
I/dalvikvm(  435): Could not find method java.nio.file.Files.newInputStream, referenced from method okio.Okio.source
W/dalvikvm(  435): VFY: unable to resolve static method 45303: Ljava/nio/file/Files;.newInputStream (Ljava/nio/file/Path;[Ljava/nio/file/OpenOption;)Ljava/io/InputStream;
D/dalvikvm(  435): VFY: replacing opcode 0x71 at 0x000a
D/AndroidRuntime(  587): 
D/AndroidRuntime(  587): >>>>>> AndroidRuntime START com.android.internal.os.RuntimeInit <<<<<<
I/dalvikvm(  631): ignoring registerObject request in thread=1
I/dalvikvm(  631): ignoring registerObject request in thread=1
E/memtrack(  536): Couldn't load memtrack module (No such file or directory)
E/android.os.Debug(  536): failed to load memtrack module: -2
D/Tethering(  263): MasterInitialState.processMessage what=3
D/CaptivePortalTracker(  263): NoActiveNetworkState{ when=-1ms what=1 obj=NetworkInfo: type: WIFI[], state: CONNECTED/CONNECTED, reason: (unspecified), extra: "AndroidAP", roaming: false, failover: false, isAvailable: true, isConnectedToProvisioningNetwork: false target=com.android.internal.util.StateMachine$SmHandler }
I/CalendarProvider2(  621): Created com.android.providers.calendar.CalendarAlarmManager@4a7f0778(com.android.providers.calendar.CalendarProvider2@4a7ec660)
D/        (  263): Setting time of day to sec=1554774807
D/AndroidRuntime(  536): Calling main entry com.android.commands.am.Am
D/AndroidRuntime(  536): Shutting down VM
E/cutils-trace(  536): Error opening trace file: No such file or directory (2)
D/dalvikvm(  536): GC_CONCURRENT freed 96K, 15% free 588K/688K, paused 0ms+0ms, total 1ms
D/dalvikvm(  435): GC_FOR_ALLOC freed 564K, 25% free 5862K/7772K, paused 20ms, total 21ms
I/dalvikvm-heap(  435): Grow heap (frag case) to 6.849MB for 1127532-byte allocation
D/dalvikvm(  435): GC_CONCURRENT freed 8K, 11% free 6955K/7772K, paused 12ms+1ms, total 36ms
D/dalvikvm(  435): WAIT_FOR_CONCURRENT_GC blocked 24ms
D/dalvikvm(  435): WAIT_FOR_CONCURRENT_GC blocked 25ms
W/ContextImpl(  435): Calling a method in the system process without a qualified user: android.app.ContextImpl.sendBroadcast:1123 android.content.ContextWrapper.sendBroadcast:365 com.vphone.launcher.Hotseat$19.a:640 com.vphone.launcher.Hotseat$19.onResponse:629 com.vphone.launcher.network.GsonRequest.deliverResponse:52 
D/AndroidRuntime(  587): CheckJNI is OFF
D/dalvikvm(  587): Using executionMode 2
D/dalvikvm(  435): GC_CONCURRENT freed 2293K, 29% free 5943K/8296K, paused 5ms+1ms, total 11ms
D/dalvikvm(  587): Trying to load lib libjavacore.so 0x0
D/dalvikvm(  587): Added shared lib libjavacore.so 0x0
D/dalvikvm(  587): Trying to load lib libnativehelper.so 0x0
D/dalvikvm(  587): Added shared lib libnativehelper.so 0x0
D/dalvikvm(  587): No JNI_OnLoad found in libnativehelper.so 0x0, skipping init
I/ActivityManager(  263): Start proc com.android.onetimeinitializer for broadcast com.android.onetimeinitializer/.OneTimeInitializerReceiver: pid=677 uid=10007 gids={50007}
E/RemotePrintSpooler(  263): Error removing obsolete print jobs .
E/RemotePrintSpooler(  263): java.util.concurrent.TimeoutException: Cannot get spooler!
E/RemotePrintSpooler(  263): 	at com.android.server.print.RemotePrintSpooler.bindLocked(RemotePrintSpooler.java:376)
E/RemotePrintSpooler(  263): 	at com.android.server.print.RemotePrintSpooler.getRemoteInstanceLazy(RemotePrintSpooler.java:352)
E/RemotePrintSpooler(  263): 	at com.android.server.print.RemotePrintSpooler.removeObsoletePrintJobs(RemotePrintSpooler.java:287)
E/RemotePrintSpooler(  263): 	at com.android.server.print.UserState.removeObsoletePrintJobs(UserState.java:163)
E/RemotePrintSpooler(  263): 	at com.android.server.print.PrintManagerService$1.run(PrintManagerService.java:94)
E/RemotePrintSpooler(  263): 	at android.os.Handler.handleCallback(Handler.java:733)
E/RemotePrintSpooler(  263): 	at android.os.Handler.dispatchMessage(Handler.java:95)
E/RemotePrintSpooler(  263): 	at android.os.Looper.loop(Looper.java:136)
E/RemotePrintSpooler(  263): 	at android.os.HandlerThread.run(HandlerThread.java:61)
D/dalvikvm(  587): Note: class Landroid/app/ActivityManagerNative; has 179 unimplemented (abstract) methods
I/FusedLocation(  263): engine stopped (com.android.location.fused)
I/FusedLocation(  263): engine started (com.android.location.fused)
I/FusedLocation(  263): engine started (com.android.location.fused)
W/DebugConnManager(  263): getNetworkInfo() on networkType 1
I/dalvikvm(  677): ignoring registerObject request in thread=1
I/dalvikvm(  677): ignoring registerObject request in thread=1
I/CalendarProvider2(  621): Sending notification intent: Intent { act=android.intent.action.PROVIDER_CHANGED dat=content://com.android.calendar }
W/ContentResolver(  621): Failed to get type for: content://com.android.calendar (Unknown URL content://com.android.calendar)
V/OneTimeInitializerRece(  677): OneTimeInitializerReceiver.onReceive
E/GpsLocationProvider(  263): no AGPS interface in set_agps_server
I/ActivityManager(  263): Start proc com.bignox.app.store.hd for broadcast com.bignox.app.store.hd/.providers.downloads.DownloadReceiver: pid=698 uid=1000 gids={41000, 1028, 1015, 1023, 3002, 3001, 3003, 1007}
E/local_gps(  164): Can't send RMC command
D/dalvikvm(  435): GC_CONCURRENT freed 509K, 25% free 6304K/8296K, paused 2ms+0ms, total 7ms
D/dalvikvm(  435): GC_CONCURRENT freed 1093K, 24% free 6331K/8296K, paused 17ms+0ms, total 58ms
D/dalvikvm(  435): WAIT_FOR_CONCURRENT_GC blocked 48ms
E/memtrack(  587): Couldn't load memtrack module (No such file or directory)
E/android.os.Debug(  587): failed to load memtrack module: -2
D/dalvikvm(  435): GC_CONCURRENT freed 1106K, 24% free 6352K/8296K, paused 3ms+1ms, total 67ms
D/dalvikvm(  435): WAIT_FOR_CONCURRENT_GC blocked 23ms
D/dalvikvm(  435): WAIT_FOR_CONCURRENT_GC blocked 52ms
D/GpsLocationProvider(  263): NTP server returned: 1554774807425 (Tue Apr 09 09:53:27 GMT+08:00 2019) reference: 30374 certainty: 16 system time offset: -1717
I/dalvikvm(  698): ignoring registerObject request in thread=1
I/dalvikvm(  698): ignoring registerObject request in thread=1
I/ContactLocale(  360): AddressBook Labels [zh_CN]: [, A, B, C, D, E, F, G, H, I, J, K, L, M, N, O, P, Q, R, S, T, U, V, W, X, Y, Z, , , , , , , , , , , , , , , , , , , , , , , , , , , , , , , , , , , , , , , , , , , , , , , , , , , , , , , , , , , , , , , , , , , , , , , , , , , , , , , , , , , , , , , , , , , , , , , , , , , , , , , , , , , , , , , , , , , , , , , , , , , , , , , , , , , , , , , , , , , , , , , , , , , , , , , , , , , , #, ]
D/AndroidRuntime(  587): Calling main entry com.android.commands.pm.Pm
D/AndroidRuntime(  587): Shutting down VM
E/cutils-trace(  587): Error opening trace file: No such file or directory (2)
D/dalvikvm(  587): GC_CONCURRENT freed 148K, 22% free 567K/720K, paused 1ms+0ms, total 2ms
D/SettingsProvider(  263): User 0 external modification to /data/data/com.android.providers.settings/databases/settings.db; event=8
D/SettingsProvider(  263): User 0 updating our caches for /data/data/com.android.providers.settings/databases/settings.db
D/dalvikvm(  698): No JNI_OnLoad found in /system/lib/libxl_thunder_sdk.so 0x94fc61c0, skipping init
D/dalvikvm(  698): No JNI_OnLoad found in /system/lib/libvphone_xl_thunder_iface.so 0x94fc61c0, skipping init
I/XLUtil  (  698): loadAndParseFile start
D/dalvikvm(  435): GC_CONCURRENT freed 1123K, 24% free 6365K/8296K, paused 492ms+1ms, total 526ms
D/dalvikvm(  435): WAIT_FOR_CONCURRENT_GC blocked 41ms
I/XLUtil  (  698): loadAndParseFile end
I/XLDownloadManager(  698): Peerid:M0M5NzBFRTA5MjY5MDBYWQ==
I/XLDownloadManager(  698): Guid:MzUyMjg0MDQ5MTg5OTI1XzNDOTcwRUUwOTI2OQ==
E/NOX     (   67): recv() error
D/NOX     (   67): Socket read error
D/dalvikvm(  435): GC_CONCURRENT freed 1124K, 24% free 6380K/8296K, paused 27ms+0ms, total 54ms
D/dalvikvm(  435): WAIT_FOR_CONCURRENT_GC blocked 27ms
I/XLDownloadManager(  698): doMonitorNetworkChange()
I/XLDownloadManager(  698): register Receiver
D/dalvikvm(  435): GC_CONCURRENT freed 1089K, 23% free 6434K/8296K, paused 42ms+0ms, total 72ms
D/dalvikvm(  435): WAIT_FOR_CONCURRENT_GC blocked 32ms
D/dalvikvm(  435): WAIT_FOR_CONCURRENT_GC blocked 47ms
D/dalvikvm(  435): GC_CONCURRENT freed 1077K, 23% free 6444K/8296K, paused 22ms+1ms, total 31ms
D/dalvikvm(  698): GC_CONCURRENT freed 267K, 10% free 3197K/3520K, paused 150ms+0ms, total 168ms
D/dalvikvm(  698): WAIT_FOR_CONCURRENT_GC blocked 2ms
D/dalvikvm(  698): WAIT_FOR_CONCURRENT_GC blocked 2ms
W/ActivityThread(  698): ClassLoader.loadClass: The class loader returned by Thread.getContextClassLoader() may fail for processes that host multiple applications. You should explicitly specify a context class loader. For example: Thread.setContextClassLoader(getClass().getClassLoader());
D/dalvikvm(  698): GC_CONCURRENT freed 274K, 10% free 3325K/3660K, paused 32ms+1ms, total 38ms
D/Volley  (  698): [1] DiskBasedCache.clear: Cache cleared.
W/ContextImpl(  698): Calling a method in the system process without a qualified user: android.app.ContextImpl.startService:1492 android.content.ContextWrapper.startService:494 com.bignox.app.store.hd.StoreApplication.onCreate:97 android.app.Instrumentation.callApplicationOnCreate:1024 android.app.ActivityThread.handleBindApplication:4346 
I/HttpDnsSDK(  698): HttpDnsThreadFactory create a new thread, name: Thread-64
I/HttpDnsSDK(  698): HttpDnsThreadFactory create a new thread, name: Thread-65
I/HttpDnsSDK(  698): HttpDnsThreadFactory create a new thread, name: Thread-68
W/ContextImpl(  698): Calling a method in the system process without a qualified user: android.app.ContextImpl.startService:1492 android.content.ContextWrapper.startService:494 android.content.ContextWrapper.startService:494 com.bignox.app.store.hd.providers.downloads.DownloadReceiver.startService:188 com.bignox.app.store.hd.providers.downloads.DownloadReceiver.onReceive:48 
I/ActivityManager(  263): Delay finish: com.bignox.app.store.hd/.providers.downloads.DownloadReceiver
D/XLDownloadManager(  698): NetworkChangeHandlerThread nettype=9
D/XLDownloadManager(  698): NetworkChangeHandlerThread bssid=3C:97:0E:E0:92:69
W/DebugConnManager(  435): getNetworkInfo() on networkType 1
D/dalvikvm(  698): GC_CONCURRENT freed 329K, 11% free 3394K/3788K, paused 72ms+1ms, total 75ms
D/dalvikvm(  435): GC_FOR_ALLOC freed 448K, 22% free 6509K/8296K, paused 7ms, total 9ms
I/dalvikvm-heap(  435): Grow heap (frag case) to 7.481MB for 1127532-byte allocation
D/dalvikvm(  435): GC_CONCURRENT freed 27K, 20% free 7583K/9400K, paused 3ms+1ms, total 36ms
D/dalvikvm(  435): WAIT_FOR_CONCURRENT_GC blocked 9ms
D/HttpDnsSDK(  698): 63 - VMStack.java:-2 - [getThreadStackTrace] - stat: XGu8KnExz5sDAPV/DiH2qhCt
I/dalvikvm(  435): Could not find method android.widget.LinearLayout.<init>, referenced from method com.bigkoo.convenientbanner.ConvenientBanner.<init>
W/dalvikvm(  435): VFY: unable to resolve direct method 17827: Landroid/widget/LinearLayout;.<init> (Landroid/content/Context;Landroid/util/AttributeSet;II)V
D/dalvikvm(  435): VFY: replacing opcode 0x70 at 0x0002
D/dalvikvm(  435): GC_CONCURRENT freed 981K, 14% free 8147K/9400K, paused 3ms+29ms, total 37ms
D/dalvikvm(  435): WAIT_FOR_CONCURRENT_GC blocked 1ms
E/RecyclerView(  435): No adapter attached; skipping layout
E/RecyclerView(  435): No adapter attached; skipping layout
E/RecyclerView(  435): No adapter attached; skipping layout
E/RecyclerView(  435): No adapter attached; skipping layout
D/dalvikvm(  435): WAIT_FOR_CONCURRENT_GC blocked 8ms
D/dalvikvm(  435): WAIT_FOR_CONCURRENT_GC blocked 9ms
W/DebugConnManager(  435): getNetworkInfo() on networkType 1
W/DebugConnManager(  435): getNetworkInfo() on networkType 1
D/Event   (  698): No subscribers registered for event class com.bignox.app.store.hd.providers.downloads.CountEvent
D/Event   (  698): No subscribers registered for event class de.greenrobot.event.NoSubscriberEvent
D/dalvikvm(  435): GC_FOR_ALLOC freed 445K, 13% free 8263K/9400K, paused 58ms, total 59ms
I/dalvikvm-heap(  435): Grow heap (frag case) to 9.876MB for 1843212-byte allocation
D/dalvikvm(  435): GC_FOR_ALLOC freed 7K, 11% free 10056K/11204K, paused 13ms, total 13ms
D/dalvikvm(  435): GC_FOR_ALLOC freed 0K, 11% free 10056K/11204K, paused 10ms, total 10ms
I/dalvikvm-heap(  435): Grow heap (frag case) to 11.627MB for 1843212-byte allocation
D/Event   (  698): No subscribers registered for event class com.bignox.app.store.hd.model.Game
D/Event   (  698): No subscribers registered for event class de.greenrobot.event.NoSubscriberEvent
I/com.bignox.app.store.hd.repositories.AppRepository(  698): delete app by package url :com.bignox.app.store.hd
D/dalvikvm(  435): GC_CONCURRENT freed 0K, 9% free 11856K/13008K, paused 9ms+1ms, total 78ms
D/dalvikvm(  435): WAIT_FOR_CONCURRENT_GC blocked 69ms
D/dalvikvm(  435): WAIT_FOR_CONCURRENT_GC blocked 64ms
D/dalvikvm(  435): WAIT_FOR_CONCURRENT_GC blocked 70ms
D/dalvikvm(  435): WAIT_FOR_CONCURRENT_GC blocked 70ms
D/dalvikvm(  435): WAIT_FOR_CONCURRENT_GC blocked 73ms
D/dalvikvm(  435): WAIT_FOR_CONCURRENT_GC blocked 56ms
W/DebugConnManager(  435): getNetworkInfo() on networkType 1
I/ActivityManager(  263): Resuming delayed broadcast
D/dalvikvm(  698): GC_CONCURRENT freed 274K, 9% free 3632K/3964K, paused 2ms+99ms, total 106ms
D/dalvikvm(  698): WAIT_FOR_CONCURRENT_GC blocked 52ms
D/dalvikvm(  698): WAIT_FOR_CONCURRENT_GC blocked 54ms
D/dalvikvm(  698): WAIT_FOR_CONCURRENT_GC blocked 47ms
D/dalvikvm(  698): WAIT_FOR_CONCURRENT_GC blocked 46ms
D/dalvikvm(  698): WAIT_FOR_CONCURRENT_GC blocked 56ms
D/HttpDnsSDK(  698): 65 - VMStack.java:-2 - [getThreadStackTrace] - resolve host: ressrc.yeshen.com, return: {"host":"ressrc.yeshen.com","ips":["60.205.13.186"],"ttl":20,"origin_ttl":600}
D/HttpDnsSDK(  698): 68 - VMStack.java:-2 - [getThreadStackTrace] - resolve host: res.src.yeshen.com, return: {"host":"res.src.yeshen.com","ips":[],"ttl":300}
W/DebugConnManager(  435): getNetworkInfo() on networkType 1
D/dalvikvm(  435): GC_FOR_ALLOC freed 3250K, 26% free 11015K/14864K, paused 17ms, total 17ms
W/DebugConnManager(  435): getNetworkInfo() on networkType 1
D/dalvikvm(  698): GC_CONCURRENT freed 445K, 13% free 3576K/4080K, paused 49ms+1ms, total 53ms
D/HttpDnsSDK(  698): 64 - VMStack.java:-2 - [getThreadStackTrace] - resolve host: res.yeshen.com, return: {"host":"res.yeshen.com","ips":["211.91.255.35"],"ttl":13,"origin_ttl":60}
W/ContextImpl(  435): Calling a method in the system process without a qualified user: android.app.ContextImpl.startService:1492 android.content.ContextWrapper.startService:494 android.content.ContextWrapper.startService:494 com.vphone.launcher.providers.downloads.DownloadReceiver.a:188 com.vphone.launcher.providers.downloads.DownloadReceiver.onReceive:48 
D/AndroidRuntime(  739): 
D/AndroidRuntime(  739): >>>>>> AndroidRuntime START com.android.internal.os.RuntimeInit <<<<<<
D/dalvikvm(  435): GC_CONCURRENT freed 2074K, 22% free 11629K/14864K, paused 3ms+2ms, total 222ms
D/dalvikvm(  435): WAIT_FOR_CONCURRENT_GC blocked 133ms
D/HttpDnsSDK(  698): 63 - VMStack.java:-2 - [getThreadStackTrace] - get MAN response: {"t":1554774812208,"ret":"","success":"success"}
D/dalvikvm(  263): GC_CONCURRENT freed 424K, 9% free 5587K/6076K, paused 3ms+1ms, total 34ms
D/dalvikvm(  435): GC_CONCURRENT freed 3054K, 24% free 11382K/14864K, paused 5ms+1ms, total 31ms
D/dalvikvm(  435): WAIT_FOR_CONCURRENT_GC blocked 26ms
D/dalvikvm(  631): JIT code cache reset in 0 ms (0 bytes 1/0)
D/dalvikvm(  631): GC_CONCURRENT freed 220K, 9% free 3151K/3428K, paused 401ms+1ms, total 455ms
D/dalvikvm(  435): GC_CONCURRENT freed 1096K, 13% free 12980K/14864K, paused 3ms+1ms, total 75ms
D/dalvikvm(  435): GC_CONCURRENT freed 1166K, 8% free 15162K/16380K, paused 24ms+1ms, total 45ms
D/dalvikvm(  435): WAIT_FOR_CONCURRENT_GC blocked 29ms
D/dalvikvm(  435): WAIT_FOR_CONCURRENT_GC blocked 29ms
D/dalvikvm(  435): WAIT_FOR_CONCURRENT_GC blocked 34ms
D/dalvikvm(  435): WAIT_FOR_CONCURRENT_GC blocked 34ms
D/dalvikvm(  435): WAIT_FOR_CONCURRENT_GC blocked 30ms
D/dalvikvm(  435): WAIT_FOR_CONCURRENT_GC blocked 33ms
D/        (  698): HostConnection::get() New Host Connection established 0xb7aecb50, tid 698
W/ContextImpl(  698): Calling a method in the system process without a qualified user: android.app.ContextImpl.startService:1492 android.content.ContextWrapper.startService:494 android.content.ContextWrapper.startService:494 com.bignox.app.store.hd.providers.downloads.DownloadReceiver.startService:188 com.bignox.app.store.hd.providers.downloads.DownloadReceiver.onReceive:53 
D/dalvikvm(  435): GC_CONCURRENT freed 1527K, 9% free 17709K/19288K, paused 31ms+2ms, total 97ms
D/dalvikvm(  435): WAIT_FOR_CONCURRENT_GC blocked 70ms
D/dalvikvm(  435): WAIT_FOR_CONCURRENT_GC blocked 67ms
D/dalvikvm(  435): WAIT_FOR_CONCURRENT_GC blocked 41ms
D/dalvikvm(  435): WAIT_FOR_CONCURRENT_GC blocked 39ms
D/dalvikvm(  435): WAIT_FOR_CONCURRENT_GC blocked 40ms
D/dalvikvm(  435): WAIT_FOR_CONCURRENT_GC blocked 39ms
D/dalvikvm(  435): WAIT_FOR_CONCURRENT_GC blocked 39ms
D/dalvikvm(  435): WAIT_FOR_CONCURRENT_GC blocked 32ms
D/Event   (  698): No subscribers registered for event class com.bignox.app.store.hd.model.Game
D/Event   (  698): No subscribers registered for event class de.greenrobot.event.NoSubscriberEvent
D/Event   (  698): No subscribers registered for event class com.bignox.app.store.hd.providers.downloads.CountEvent
D/Event   (  698): No subscribers registered for event class de.greenrobot.event.NoSubscriberEvent
D/dalvikvm(  698): GC_CONCURRENT freed 440K, 14% free 3524K/4080K, paused 1ms+1ms, total 12ms
W/ContextImpl(  698): Calling a method in the system process without a qualified user: android.app.ContextImpl.sendBroadcast:1123 android.content.ContextWrapper.sendBroadcast:365 com.bignox.app.store.hd.asynctask.InitPackageMapTask.onPostExecute:284 com.bignox.app.store.hd.asynctask.InitPackageMapTask.onPostExecute:32 android.os.AsyncTask.finish:632 
D/dalvikvm(  435): GC_CONCURRENT freed 2041K, 10% free 20576K/22680K, paused 4ms+16ms, total 153ms
D/dalvikvm(  435): WAIT_FOR_CONCURRENT_GC blocked 101ms
D/Event   (  698): No subscribers registered for event class com.bignox.app.store.hd.providers.downloads.CountEvent
D/Event   (  698): No subscribers registered for event class de.greenrobot.event.NoSubscriberEvent
W/ContextImpl(  435): Calling a method in the system process without a qualified user: android.app.ContextImpl.startService:1492 android.content.ContextWrapper.startService:494 android.content.ContextWrapper.startService:494 com.vphone.launcher.providers.downloads.DownloadReceiver.a:188 com.vphone.launcher.providers.downloads.DownloadReceiver.onReceive:53 
D/Event   (  698): No subscribers registered for event class com.bignox.app.store.hd.providers.downloads.CountEvent
D/Event   (  698): No subscribers registered for event class de.greenrobot.event.NoSubscriberEvent
I/ActivityManager(  263): Delay finish: com.android.settings/com.koushikdutta.superuser.SuReceiver
I/ActivityManager(  263): Resuming delayed broadcast
D/AndroidRuntime(  739): CheckJNI is OFF
D/dalvikvm(  739): Using executionMode 2
D/dalvikvm(  739): Trying to load lib libjavacore.so 0x0
D/dalvikvm(  739): Added shared lib libjavacore.so 0x0
D/dalvikvm(  739): Trying to load lib libnativehelper.so 0x0
D/dalvikvm(  739): Added shared lib libnativehelper.so 0x0
D/dalvikvm(  739): No JNI_OnLoad found in libnativehelper.so 0x0, skipping init
D/dalvikvm(  435): GC_CONCURRENT freed 2848K, 11% free 23585K/26492K, paused 3ms+2ms, total 57ms
D/dalvikvm(  435): WAIT_FOR_CONCURRENT_GC blocked 38ms
D/dalvikvm(  435): WAIT_FOR_CONCURRENT_GC blocked 33ms
I/Choreographer(  435): Skipped 65 frames!  The application may be doing too much work on its main thread.
D/BluetoothAdapter(  392): 1249803004: getState() :  mService = null. Returning STATE_OFF
I/ActivityManager(  263): Delay finish: com.android.providers.calendar/.CalendarProviderBroadcastReceiver
W/System.err(  698): java.util.concurrent.ExecutionException: com.android.volley.NoConnectionError: org.apache.http.conn.HttpHostConnectException: Connection to http://192.168.8.1:7777 refused
W/System.err(  698): 	at com.android.volley.toolbox.RequestFuture.doGet(RequestFuture.java:117)
W/System.err(  698): 	at com.android.volley.toolbox.RequestFuture.get(RequestFuture.java:88)
W/System.err(  698): 	at com.bignox.app.store.hd.asynctask.InitUpgradeAppTask.getUpgradeList(InitUpgradeAppTask.java:90)
W/System.err(  698): 	at com.bignox.app.store.hd.asynctask.InitUpgradeAppTask.doInBackground(InitUpgradeAppTask.java:52)
W/System.err(  698): 	at com.bignox.app.store.hd.asynctask.InitUpgradeAppTask.doInBackground(InitUpgradeAppTask.java:35)
W/System.err(  698): 	at android.os.AsyncTask$2.call(AsyncTask.java:288)
W/System.err(  698): 	at java.util.concurrent.FutureTask.run(FutureTask.java:237)
W/System.err(  698): 	at android.os.AsyncTask$SerialExecutor$1.run(AsyncTask.java:231)
W/System.err(  698): 	at java.util.concurrent.ThreadPoolExecutor.runWorker(ThreadPoolExecutor.java:1112)
W/System.err(  698): 	at java.util.concurrent.ThreadPoolExecutor$Worker.run(ThreadPoolExecutor.java:587)
W/System.err(  698): 	at java.lang.Thread.run(Thread.java:841)
W/System.err(  698): Caused by: com.android.volley.NoConnectionError: org.apache.http.conn.HttpHostConnectException: Connection to http://192.168.8.1:7777 refused
W/System.err(  698): 	at com.android.volley.toolbox.BasicNetwork.performRequest(BasicNetwork.java:158)
W/System.err(  698): 	at com.android.volley.NetworkDispatcher.run(NetworkDispatcher.java:114)
W/System.err(  698): Caused by: org.apache.http.conn.HttpHostConnectException: Connection to http://192.168.8.1:7777 refused
W/System.err(  698): 	at org.apache.http.impl.conn.DefaultClientConnectionOperator.openConnection(DefaultClientConnectionOperator.java:183)
W/System.err(  698): 	at org.apache.http.impl.conn.AbstractPoolEntry.open(AbstractPoolEntry.java:164)
W/System.err(  698): 	at org.apache.http.impl.conn.AbstractPooledConnAdapter.open(AbstractPooledConnAdapter.java:119)
W/System.err(  698): 	at org.apache.http.impl.client.DefaultRequestDirector.execute(DefaultRequestDirector.java:360)
W/System.err(  698): 	at org.apache.http.impl.client.AbstractHttpClient.execute(AbstractHttpClient.java:555)
W/System.err(  698): 	at org.apache.http.impl.client.AbstractHttpClient.execute(AbstractHttpClient.java:487)
W/System.err(  698): 	at org.apache.http.impl.client.AbstractHttpClient.execute(AbstractHttpClient.java:465)
W/System.err(  698): 	at com.android.volley.toolbox.HttpClientStack.performRequest(HttpClientStack.java:87)
W/System.err(  698): 	at com.android.volley.toolbox.BasicNetwork.performRequest(BasicNetwork.java:97)
W/System.err(  698): 	... 1 more
W/System.err(  698): Caused by: java.net.ConnectException: failed to connect to /192.168.8.1 (port 7777) after 5000ms: isConnected failed: ECONNREFUSED (Connection refused)
W/System.err(  698): 	at libcore.io.IoBridge.isConnected(IoBridge.java:223)
W/System.err(  698): 	at libcore.io.IoBridge.connectErrno(IoBridge.java:161)
W/System.err(  698): 	at libcore.io.IoBridge.connect(IoBridge.java:112)
W/System.err(  698): 	at java.net.PlainSocketImpl.connect(PlainSocketImpl.java:192)
W/System.err(  698): 	at java.net.PlainSocketImpl.connect(PlainSocketImpl.java:459)
W/System.err(  698): 	at java.net.Socket.connect(Socket.java:843)
W/System.err(  698): 	at org.apache.http.conn.scheme.PlainSocketFactory.connectSocket(PlainSocketFactory.java:119)
W/System.err(  698): 	at org.apache.http.impl.conn.DefaultClientConnectionOperator.openConnection(DefaultClientConnectionOperator.java:144)
W/System.err(  698): 	... 9 more
W/System.err(  698): Caused by: libcore.io.ErrnoException: isConnected failed: ECONNREFUSED (Connection refused)
W/System.err(  698): 	at libcore.io.IoBridge.isConnected(IoBridge.java:208)
W/System.err(  698): 	... 16 more
I/ActivityManager(  263): Resuming delayed broadcast
D/dalvikvm(  739): Note: class Landroid/app/ActivityManagerNative; has 179 unimplemented (abstract) methods
W/ContextImpl(  263): Calling a method in the system process without a qualified user: android.app.ContextImpl.sendBroadcast:1123 com.android.server.NotificationManagerService$6.run:1838 android.os.Handler.handleCallback:733 android.os.Handler.dispatchMessage:95 android.os.Looper.loop:136 
D/dalvikvm(  435): GC_CONCURRENT freed 3136K, 11% free 27325K/30516K, paused 20ms+2ms, total 122ms
D/dalvikvm(  435): WAIT_FOR_CONCURRENT_GC blocked 74ms
E/memtrack(  739): Couldn't load memtrack module (No such file or directory)
E/android.os.Debug(  739): failed to load memtrack module: -2
D/CaptivePortalTracker(  263): DelayedCaptiveCheckState{ when=-8ms what=2 arg1=1 target=com.android.internal.util.StateMachine$SmHandler }
D/ConnectivityService(  263): setProvNotificationVisible: E visible=false networkType=1 extraInfo=null url=null
D/CaptivePortalTracker(  263): Checking http://172.217.163.238/generate_204
W/ActivityThread(  263): ClassLoader.loadClass: The class loader returned by Thread.getContextClassLoader() may fail for processes that host multiple applications. You should explicitly specify a context class loader. For example: Thread.setContextClassLoader(getClass().getClassLoader());
D/AndroidRuntime(  739): Calling main entry com.android.commands.am.Am
I/dalvikvm(  435): Could not find method android.app.ActivityManager.removeTask, referenced from method com.vphone.launcher.service.CommonService.a
W/dalvikvm(  435): VFY: unable to resolve virtual method 522: Landroid/app/ActivityManager;.removeTask (I)Z
D/dalvikvm(  435): VFY: replacing opcode 0x6e at 0x0066
D/AndroidRuntime(  739): Shutting down VM
E/cutils-trace(  739): Error opening trace file: No such file or directory (2)
D/dalvikvm(  739): GC_CONCURRENT freed 96K, 15% free 585K/684K, paused 0ms+0ms, total 2ms
D/su      (  856): su invoked.
D/su      (  856): starting daemon client 0 0
D/su      (  858): remote pid: 856
D/su      (  858): remote pts_slave: 
D/su      (  858): waiting for child exit
D/su      (  860): su invoked.
D/su      (  860): Allowing root/system/radio.
D/su      (  860): 0 /system/bin/mksh executing 0 umount /mnt/sdcard/BigNoxGameHD using binary /system/bin/sh : sh -c umount /mnt/sdcard/BigNoxGameHD
D/su      (  858): sending code
D/su      (  858): child exited
D/su      (  856): client exited 1
D/su      (  868): su invoked.
D/su      (  868): starting daemon client 0 0
D/su      (  872): remote pid: 868
D/su      (  872): remote pts_slave: 
D/su      (  872): waiting for child exit
D/su      (  874): su invoked.
D/su      (  874): Allowing root/system/radio.
D/su      (  874): 0 /system/bin/mksh executing 0 mkdir -p /mnt/sdcard/BigNoxGameHD using binary /system/bin/sh : sh -c mkdir -p /mnt/sdcard/BigNoxGameHD
D/su      (  872): sending code
D/su      (  872): child exited
D/su      (  868): client exited 0
D/su      (  879): su invoked.
D/su      (  879): starting daemon client 0 0
D/su      (  881): remote pid: 879
D/su      (  881): remote pts_slave: 
D/su      (  881): waiting for child exit
D/su      (  883): su invoked.
D/su      (  883): Allowing root/system/radio.
D/su      (  883): 0 /system/bin/mksh executing 0 mount.vboxsf -o rw,uid=0,gid=1028 App /mnt/sdcard/BigNoxGameHD using binary /system/bin/sh : sh -c mount.vboxsf -o rw,uid=0,gid=1028 App /mnt/sdcard/BigNoxGameHD
D/su      (  881): sending code
D/su      (  881): child exited
D/su      (  879): client exited 0
D/su      (  887): su invoked.
D/su      (  887): starting daemon client 0 0
D/su      (  890): remote pid: 887
D/su      (  890): remote pts_slave: 
D/su      (  890): waiting for child exit
D/su      (  892): su invoked.
D/su      (  892): Allowing root/system/radio.
D/su      (  892): 0 /system/bin/mksh executing 0 umount /mnt/sdcard/Pictures/Screenshots/img using binary /system/bin/sh : sh -c umount /mnt/sdcard/Pictures/Screenshots/img
D/su      (  890): sending code
D/su      (  890): child exited
D/su      (  887): client exited 1
D/su      (  896): su invoked.
D/su      (  896): starting daemon client 0 0
D/su      (  898): remote pid: 896
D/su      (  898): remote pts_slave: 
D/su      (  898): waiting for child exit
D/su      (  900): su invoked.
D/su      (  900): Allowing root/system/radio.
D/su      (  900): 0 /system/bin/mksh executing 0 mkdir -p /mnt/sdcard/Pictures/Screenshots/img using binary /system/bin/sh : sh -c mkdir -p /mnt/sdcard/Pictures/Screenshots/img
D/MediaProvider(  631): object removed 127
D/su      (  898): sending code
D/su      (  898): child exited
D/su      (  896): client exited 0
D/MediaProvider(  631): object removed 128
D/su      (  903): su invoked.
D/su      (  903): starting daemon client 0 0
D/su      (  905): remote pid: 903
D/su      (  905): remote pts_slave: 
D/su      (  905): waiting for child exit
D/su      (  907): su invoked.
D/su      (  907): Allowing root/system/radio.
D/su      (  907): 0 /system/bin/mksh executing 0 mount.vboxsf -o rw,uid=0,gid=1028 Image /mnt/sdcard/Pictures/Screenshots/img using binary /system/bin/sh : sh -c mount.vboxsf -o rw,uid=0,gid=1028 Image /mnt/sdcard/Pictures/Screenshots/img
D/su      (  905): sending code
D/su      (  905): child exited
D/su      (  903): client exited 0
D/su      (  911): su invoked.
D/su      (  911): starting daemon client 0 0
D/su      (  913): remote pid: 911
D/su      (  913): remote pts_slave: 
D/su      (  913): waiting for child exit
D/su      (  915): su invoked.
D/su      (  915): Allowing root/system/radio.
D/su      (  915): 0 /system/bin/mksh executing 0 umount /mnt/sdcard/Download/other using binary /system/bin/sh : sh -c umount /mnt/sdcard/Download/other
D/su      (  913): sending code
D/su      (  913): child exited
D/su      (  911): client exited 1
D/su      (  918): su invoked.
D/su      (  918): starting daemon client 0 0
D/su      (  920): remote pid: 918
D/su      (  920): remote pts_slave: 
D/su      (  920): waiting for child exit
D/su      (  922): su invoked.
D/su      (  922): Allowing root/system/radio.
D/su      (  922): 0 /system/bin/mksh executing 0 mkdir -p /mnt/sdcard/Download/other using binary /system/bin/sh : sh -c mkdir -p /mnt/sdcard/Download/other
D/su      (  920): sending code
D/su      (  920): child exited
D/su      (  918): client exited 0
D/su      (  926): su invoked.
D/su      (  926): starting daemon client 0 0
D/su      (  928): remote pid: 926
D/su      (  928): remote pts_slave: 
D/su      (  928): waiting for child exit
D/su      (  930): su invoked.
D/su      (  930): Allowing root/system/radio.
D/su      (  930): 0 /system/bin/mksh executing 0 mount.vboxsf -o rw,uid=0,gid=1028 Other /mnt/sdcard/Download/other using binary /system/bin/sh : sh -c mount.vboxsf -o rw,uid=0,gid=1028 Other /mnt/sdcard/Download/other
D/su      (  928): sending code
D/su      (  928): child exited
D/su      (  926): client exited 0
D/su      (  934): su invoked.
D/su      (  934): starting daemon client 0 0
D/su      (  936): remote pid: 934
D/su      (  936): remote pts_slave: 
D/su      (  936): waiting for child exit
D/su      (  938): su invoked.
D/su      (  938): Allowing root/system/radio.
D/su      (  938): 0 /system/bin/mksh executing 0 cp -rf /mnt/shared/Image/*.* /mnt/sdcard/Pictures/Screenshots using binary /system/bin/sh : sh -c cp -rf /mnt/shared/Image/*.* /mnt/sdcard/Pictures/Screenshots
D/su      (  936): sending code
D/su      (  936): child exited
D/su      (  934): client exited 1
D/dalvikvm(  631): GC_CONCURRENT freed 253K, 9% free 3284K/3596K, paused 33ms+2ms, total 43ms
D/AndroidRuntime(  940): 
D/AndroidRuntime(  940): >>>>>> AndroidRuntime START com.android.internal.os.RuntimeInit <<<<<<
D/AndroidRuntime(  940): CheckJNI is OFF
D/dalvikvm(  940): Using executionMode 2
D/dalvikvm(  940): Trying to load lib libjavacore.so 0x0
D/dalvikvm(  940): Added shared lib libjavacore.so 0x0
D/dalvikvm(  940): Trying to load lib libnativehelper.so 0x0
D/dalvikvm(  940): Added shared lib libnativehelper.so 0x0
D/dalvikvm(  940): No JNI_OnLoad found in libnativehelper.so 0x0, skipping init
D/dalvikvm(  940): Note: class Landroid/app/ActivityManagerNative; has 179 unimplemented (abstract) methods
E/memtrack(  940): Couldn't load memtrack module (No such file or directory)
E/android.os.Debug(  940): failed to load memtrack module: -2
D/AndroidRuntime(  940): Calling main entry com.android.commands.settings.SettingsCmd
D/AndroidRuntime(  940): Shutting down VM
E/cutils-trace(  940): Error opening trace file: No such file or directory (2)
D/dalvikvm(  940): GC_CONCURRENT freed 95K, 15% free 562K/660K, paused 0ms+0ms, total 1ms
D/dalvikvm(  631): GC_CONCURRENT freed 425K, 13% free 3263K/3748K, paused 1ms+0ms, total 4ms
V/MediaScanner(  631): pruneDeadThumbnailFiles... android.database.sqlite.SQLiteCursor@4a821004
V/MediaScanner(  631): /pruneDeadThumbnailFiles... android.database.sqlite.SQLiteCursor@4a821004
D/AndroidRuntime(  958): 
D/AndroidRuntime(  958): >>>>>> AndroidRuntime START com.android.internal.os.RuntimeInit <<<<<<
D/AndroidRuntime(  958): CheckJNI is OFF
D/dalvikvm(  958): Using executionMode 2
D/dalvikvm(  958): Trying to load lib libjavacore.so 0x0
D/dalvikvm(  958): Added shared lib libjavacore.so 0x0
D/dalvikvm(  958): Trying to load lib libnativehelper.so 0x0
D/dalvikvm(  958): Added shared lib libnativehelper.so 0x0
D/dalvikvm(  958): No JNI_OnLoad found in libnativehelper.so 0x0, skipping init
D/dalvikvm(  958): Note: class Landroid/app/ActivityManagerNative; has 179 unimplemented (abstract) methods
E/memtrack(  958): Couldn't load memtrack module (No such file or directory)
E/android.os.Debug(  958): failed to load memtrack module: -2
D/AndroidRuntime(  958): Calling main entry com.android.commands.pm.Pm
D/AndroidRuntime(  958): Shutting down VM
E/cutils-trace(  958): Error opening trace file: No such file or directory (2)
D/dalvikvm(  958): GC_CONCURRENT freed 148K, 22% free 567K/720K, paused 0ms+1ms, total 1ms
I/ActivityManager(  263): Waited long enough for: ServiceRecord{4a954864 u0 com.bignox.app.store.hd/.services.StoreService}
W/DebugConnManager(  435): getNetworkInfo() on networkType 1
D/CaptivePortalTracker(  263): Probably not a portal: exception java.net.SocketTimeoutException: failed to connect to /172.217.163.238 (port 80) after 10000ms
D/CaptivePortalTracker(  263): Don't send network conditions - lacking user consent.
D/CaptivePortalTracker(  263): Not captive network NetworkInfo: type: WIFI[], state: CONNECTED/CONNECTED, reason: (unspecified), extra: "AndroidAP", roaming: false, failover: false, isAvailable: true, isConnectedToProvisioningNetwork: false
D/CaptivePortalTracker(  263): notifyPortalCheckCompleted: captive=false ni=NetworkInfo: type: WIFI[], state: CONNECTED/CONNECTED, reason: (unspecified), extra: "AndroidAP", roaming: false, failover: false, isAvailable: true, isConnectedToProvisioningNetwork: false
D/ConnectivityService(  263): captivePortalCheckCompleted: ni=NetworkInfo: type: WIFI[], state: CONNECTED/CONNECTED, reason: (unspecified), extra: "AndroidAP", roaming: false, failover: false, isAvailable: true, isConnectedToProvisioningNetwork: false captive=false
D/SettingsProvider(  263): User 0 external modification to /data/data/com.android.providers.settings/databases/settings.db; event=8
D/SettingsProvider(  263): User 0 updating our caches for /data/data/com.android.providers.settings/databases/settings.db
W/PropertyValuesHolder(  435): Method setBrightness() with type int not found on target class class mh
W/PropertyValuesHolder(  435): Method getBrightness() with type int not found on target class class mh
E/FastMixer(  172): did not receive expected priority boost
I/AudioMixer(  172): found effect "Multichannel Downmix To Stereo" from The Android Open Source Project
I/ActivityManager(  263): START u0 {act=android.intent.action.MAIN cat=[android.intent.category.LAUNCHER] flg=0x10200000 cmp=com.android.contacts/.activities.PeopleActivity bnds=[430,410][570,610] (has extras)} from pid 435
D/PermissionCache(  169): checking android.permission.READ_FRAME_BUFFER for uid=1000 => granted (333 us)
D/dalvikvm(  263): GC_FOR_ALLOC freed 235K, 7% free 5688K/6092K, paused 10ms, total 13ms
I/dalvikvm-heap(  263): Grow heap (frag case) to 5.976MB for 380492-byte allocation
D/dalvikvm(  263): GC_FOR_ALLOC freed 5K, 7% free 6054K/6464K, paused 10ms, total 10ms
W/ContextImpl(  435): Calling a method in the system process without a qualified user: android.app.ContextImpl.sendBroadcast:1137 android.content.ContextWrapper.sendBroadcast:370 com.vphone.launcher.Stats.recordLaunch:129 com.vphone.launcher.Launcher.c:3179 com.vphone.launcher.Launcher.onClickAppShortcut:3117 
D/        (  263): HostConnection::get() New Host Connection established 0xb7b74b30, tid 275
I/ActivityManager(  263): Start proc com.android.contacts for activity com.android.contacts/.activities.PeopleActivity: pid=1041 uid=10002 gids={50002, 3003, 1028, 1015, 1023}
I/ActivityManager(  263): START u0 {act=android.intent.action.MAIN cat=[android.intent.category.LAUNCHER] flg=0x10200000 cmp=com.android.contacts/.activities.PeopleActivity bnds=[430,410][570,610] (has extras)} from pid 435
W/ContextImpl(  435): Calling a method in the system process without a qualified user: android.app.ContextImpl.sendBroadcast:1137 android.content.ContextWrapper.sendBroadcast:370 com.vphone.launcher.Stats.recordLaunch:129 com.vphone.launcher.Launcher.c:3179 com.vphone.launcher.Launcher.onClickAppShortcut:3117 
W/DebugConnManager(  435): getNetworkInfo() on networkType 1
I/dalvikvm( 1041): ignoring registerObject request in thread=1
I/dalvikvm( 1041): ignoring registerObject request in thread=1
I/ContactsIntentResolver( 1041): Called with action: android.intent.action.MAIN
D/dalvikvm( 1041): JIT code cache reset in 0 ms (0 bytes 1/0)
D/dalvikvm( 1041): GC_CONCURRENT freed 110K, 5% free 3231K/3400K, paused 4ms+1ms, total 19ms
D/dalvikvm( 1041): WAIT_FOR_CONCURRENT_GC blocked 15ms
I/dalvikvm-heap( 1041): Grow heap (frag case) to 4.284MB for 1127532-byte allocation
D/dalvikvm( 1041): GC_FOR_ALLOC freed 6K, 4% free 4325K/4504K, paused 5ms, total 9ms
I/ContactPhotoManager( 1041): Cache adj: 1.0
D/AccountTypeManager( 1041): Registering external account type=com.tencent.mm.account, packageName=com.tencent.mm
D/dalvikvm( 1041): GC_CONCURRENT freed 123K, 4% free 4612K/4792K, paused 4ms+6ms, total 16ms
D/dalvikvm( 1041): GC_CONCURRENT freed 47K, 3% free 5052K/5156K, paused 16ms+0ms, total 27ms
I/AccountTypeManager( 1041): Loaded meta-data for 1 account types, 0 accounts in 161ms(wall) 31ms(cpu)
I/ContactsIntentResolver( 1041): Called with action: android.intent.action.MAIN
D/libEGL  ( 1041): loaded /system/lib/egl/libEGL_adreno.so
D/        ( 1041): HostConnection::get() New Host Connection established 0xb7ad30d0, tid 1041
D/libEGL  ( 1041): loaded /system/lib/egl/libGLESv1_CM_adreno.so
D/libEGL  ( 1041): loaded /system/lib/egl/libGLESv2_adreno.so
W/EGL_emulation( 1041): eglSurfaceAttrib not implemented 3093 12436
D/OpenGLRenderer( 1041): Enabling debug mode 0
D/        (  169): HostConnection::get() New Host Connection established 0xb836bc00, tid 1054
W/ContextImpl(  263): Calling a method in the system process without a qualified user: android.app.ContextImpl.sendBroadcast:1123 com.android.server.InputMethodManagerService.hideCurrentInputLocked:1880 com.android.server.InputMethodManagerService.windowGainedFocus:1968 com.android.internal.view.IInputMethodManager$Stub.onTransact:221 com.android.server.InputMethodManagerService.onTransact:818 
I/ActivityManager(  263): Displayed com.android.contacts/.activities.PeopleActivity: +1s845ms
D/AndroidRuntime( 1062): 
D/AndroidRuntime( 1062): >>>>>> AndroidRuntime START com.android.internal.os.RuntimeInit <<<<<<
D/AndroidRuntime( 1062): CheckJNI is OFF
D/dalvikvm( 1062): Using executionMode 2
D/dalvikvm( 1062): Trying to load lib libjavacore.so 0x0
D/dalvikvm( 1062): Added shared lib libjavacore.so 0x0
D/dalvikvm( 1062): Trying to load lib libnativehelper.so 0x0
D/dalvikvm( 1062): Added shared lib libnativehelper.so 0x0
D/dalvikvm( 1062): No JNI_OnLoad found in libnativehelper.so 0x0, skipping init
D/dalvikvm( 1062): Note: class Landroid/app/ActivityManagerNative; has 179 unimplemented (abstract) methods
E/memtrack( 1062): Couldn't load memtrack module (No such file or directory)
E/android.os.Debug( 1062): failed to load memtrack module: -2
D/AndroidRuntime( 1062): Calling main entry com.android.commands.pm.Pm
D/AndroidRuntime( 1062): Shutting down VM
E/cutils-trace( 1062): Error opening trace file: No such file or directory (2)
D/dalvikvm( 1062): GC_CONCURRENT freed 148K, 22% free 567K/720K, paused 0ms+0ms, total 1ms
D/ConnectivityService(  263): Sampling interval elapsed, updating statistics ..
D/ConnectivityService(  263): Done.
D/ConnectivityService(  263): Setting timer for 720seconds
D/dalvikvm(  263): GC_FOR_ALLOC freed 132K, 5% free 6539K/6876K, paused 10ms, total 11ms
D/dalvikvm(  263): GC_FOR_ALLOC freed 136K, 7% free 6775K/7248K, paused 8ms, total 8ms
W/EGL_emulation(  435): eglSurfaceAttrib not implemented 3093 12436
W/ContextImpl(  263): Calling a method in the system process without a qualified user: android.app.ContextImpl.sendBroadcast:1123 com.android.server.InputMethodManagerService.hideCurrentInputLocked:1880 com.android.server.InputMethodManagerService.windowGainedFocus:1968 com.android.internal.view.IInputMethodManager$Stub.onTransact:221 com.android.server.InputMethodManagerService.onTransact:818 
E/EGL_emulation( 1041): egl: destroying current context refused
