D/        (  169): HostConnection::get() New Host Connection established 0xb83765c0, tid 1053
W/libEGL  ( 1041): eglTerminate() called w/ 1 objects remaining
D/AndroidRuntime( 1074): 
D/AndroidRuntime( 1074): >>>>>> AndroidRuntime START com.android.internal.os.RuntimeInit <<<<<<
D/AndroidRuntime( 1074): CheckJNI is OFF
D/dalvikvm( 1074): Using executionMode 2
D/dalvikvm( 1074): Trying to load lib libjavacore.so 0x0
D/dalvikvm( 1074): Added shared lib libjavacore.so 0x0
D/dalvikvm( 1074): Trying to load lib libnativehelper.so 0x0
D/dalvikvm( 1074): Added shared lib libnativehelper.so 0x0
D/dalvikvm( 1074): No JNI_OnLoad found in libnativehelper.so 0x0, skipping init
D/dalvikvm( 1074): Note: class Landroid/app/ActivityManagerNative; has 179 unimplemented (abstract) methods
E/memtrack( 1074): Couldn't load memtrack module (No such file or directory)
E/android.os.Debug( 1074): failed to load memtrack module: -2
D/AndroidRuntime( 1074): Calling main entry com.android.commands.pm.Pm
D/AndroidRuntime( 1074): Shutting down VM
E/cutils-trace( 1074): Error opening trace file: No such file or directory (2)
D/dalvikvm( 1074): GC_CONCURRENT freed 148K, 22% free 567K/720K, paused 1ms+0ms, total 2ms
D/SettingsProvider(  263): User 0 external modification to /data/data/com.android.providers.settings/databases/settings.db; event=8
D/SettingsProvider(  263): User 0 updating our caches for /data/data/com.android.providers.settings/databases/settings.db
W/PropertyValuesHolder(  435): Method setBrightness() with type int not found on target class class mh
W/PropertyValuesHolder(  435): Method getBrightness() with type int not found on target class class mh
E/FastMixer(  172): did not receive expected priority boost
I/ActivityManager(  263): START u0 {act=android.intent.action.MAIN cat=[android.intent.category.LAUNCHER] flg=0x10200000 cmp=com.android.camera/.Camera bnds=[150,610][290,810] (has extras)} from pid 435
D/dalvikvm(  263): GC_FOR_ALLOC freed 770K, 11% free 6834K/7672K, paused 17ms, total 18ms
W/ContextImpl(  435): Calling a method in the system process without a qualified user: android.app.ContextImpl.sendBroadcast:1137 android.content.ContextWrapper.sendBroadcast:370 com.vphone.launcher.Stats.recordLaunch:129 com.vphone.launcher.Launcher.c:3179 com.vphone.launcher.Launcher.onClickAppShortcut:3117 
I/ActivityManager(  263): Start proc com.android.camera for activity com.android.camera/.Camera: pid=1122 uid=10017 gids={50017, 1028, 1015, 1023}
W/DebugConnManager(  435): getNetworkInfo() on networkType 1
I/dalvikvm( 1122): ignoring registerObject request in thread=1
I/dalvikvm( 1122): ignoring registerObject request in thread=1
D/EmulatedCamera_Camera(  172): getCameraInfo , camera orientation: front(0) , back(0)
D/EmulatedCamera_Camera(  172): getCameraInfo , camera orientation: front(0) , back(0)
V/CameraHolder( 1122): open camera 0
D/EmulatedCamera_Camera(  172): getCameraInfo , camera orientation: front(0) , back(0)
D/EmulatedCamera_Camera(  172): getCameraInfo , camera orientation: front(0) , back(0)
I/AwesomePlayer(  172): setDataSource_l(URL suppressed)
D/dalvikvm( 1122): JIT code cache reset in 0 ms (0 bytes 1/0)
D/dalvikvm( 1122): GC_CONCURRENT freed 147K, 7% free 3209K/3416K, paused 5ms+16ms, total 40ms
D/dalvikvm( 1122): WAIT_FOR_CONCURRENT_GC blocked 28ms
I/dalvikvm-heap( 1122): Grow heap (frag case) to 3.818MB for 662412-byte allocation
D/dalvikvm( 1122): GC_FOR_ALLOC freed <1K, 6% free 3856K/4064K, paused 3ms, total 5ms
I/AwesomePlayer(  172): setDataSource_l(URL suppressed)
D/dalvikvm( 1122): GC_FOR_ALLOC freed 27K, 5% free 4196K/4372K, paused 6ms, total 20ms
D/dalvikvm( 1122): GC_CONCURRENT freed 6K, 3% free 4610K/4752K, paused 4ms+25ms, total 32ms
I/CameraClient(  172): Opening camera 0
D/EmulatedCamera_HostClient(  172): queryConnect cmd:1, datasize:0.
D/Camera  ( 1122): app passed NULL surface
D/EmulatedCamera_Camera(  172): getCameraInfo , camera orientation: front(0) , back(0)
D/EmulatedCamera_Camera(  172): === Value changed: picture-size: 320x240 -> 640x480
D/EmulatedCamera_Camera(  172): === Value changed: preview-frame-rate: 15 -> 30
D/EmulatedCamera_Camera(  172): === Value changed: preview-size: 320x240 -> 640x480
D/EmulatedCamera_Camera(  172): +++ New parameter: recording-hint=false
V/camera  ( 1122): Preview size is 640x480
V/camera  ( 1122): startPreview
D/EmulatedCamera_Camera(  172): doStartPreview: preview pixel format yuv420sp
D/EmulatedCamera_Camera(  172): Starting camera: 640x480 -> NV21(yuv420sp)
D/EmulatedCamera_HostClient(  172): queryStart cmd:2, datasize:12.
D/dalvikvm( 1122): GC_FOR_ALLOC freed 110K, 4% free 4818K/4988K, paused 22ms, total 22ms
I/dalvikvm-heap( 1122): Grow heap (frag case) to 5.833MB for 1127532-byte allocation
D/dalvikvm( 1122): GC_FOR_ALLOC freed 3K, 3% free 5916K/6092K, paused 43ms, total 43ms
D/dalvikvm( 1122): GC_CONCURRENT freed 3K, 3% free 5913K/6092K, paused 4ms+34ms, total 52ms
D/libEGL  ( 1122): loaded /system/lib/egl/libEGL_adreno.so
D/        ( 1122): HostConnection::get() New Host Connection established 0xb7a553b0, tid 1122
D/libEGL  ( 1122): loaded /system/lib/egl/libGLESv1_CM_adreno.so
D/libEGL  ( 1122): loaded /system/lib/egl/libGLESv2_adreno.so
W/EGL_emulation( 1122): eglSurfaceAttrib not implemented 3093 12436
D/OpenGLRenderer( 1122): Enabling debug mode 0
V/camera  ( 1122): surfaceChanged. w=720. h=960
I/Choreographer( 1122): Skipped 53 frames!  The application may be doing too much work on its main thread.
I/ActivityManager(  263): Displayed com.android.camera/.Camera: +2s656ms
W/ContextImpl(  263): Calling a method in the system process without a qualified user: android.app.ContextImpl.sendBroadcast:1123 com.android.server.InputMethodManagerService.hideCurrentInputLocked:1880 com.android.server.InputMethodManagerService.windowGainedFocus:2000 com.android.internal.view.IInputMethodManager$Stub.onTransact:221 com.android.server.InputMethodManagerService.onTransact:818 
D/CameraStorage( 1122): External storage state=mounted
I/Thumbnail( 1122): Fail to load bitmap. java.io.FileNotFoundException: /data/data/com.android.camera/files/last_thumb: open failed: ENOENT (No such file or directory)
D/AndroidRuntime( 1169): 
D/AndroidRuntime( 1169): >>>>>> AndroidRuntime START com.android.internal.os.RuntimeInit <<<<<<
D/AndroidRuntime( 1169): CheckJNI is OFF
D/dalvikvm( 1169): Using executionMode 2
D/dalvikvm( 1169): Trying to load lib libjavacore.so 0x0
D/dalvikvm( 1169): Added shared lib libjavacore.so 0x0
D/dalvikvm( 1169): Trying to load lib libnativehelper.so 0x0
D/dalvikvm( 1169): Added shared lib libnativehelper.so 0x0
D/dalvikvm( 1169): No JNI_OnLoad found in libnativehelper.so 0x0, skipping init
D/dalvikvm( 1169): Note: class Landroid/app/ActivityManagerNative; has 179 unimplemented (abstract) methods
E/memtrack( 1169): Couldn't load memtrack module (No such file or directory)
E/android.os.Debug( 1169): failed to load memtrack module: -2
D/AndroidRuntime( 1169): Calling main entry com.android.commands.pm.Pm
D/AndroidRuntime( 1169): Shutting down VM
E/cutils-trace( 1169): Error opening trace file: No such file or directory (2)
D/dalvikvm( 1169): GC_CONCURRENT freed 148K, 22% free 567K/720K, paused 0ms+0ms, total 1ms
D/        (  172): HostConnection::get() New Host Connection established 0xb8589630, tid 1159
D/SettingsProvider(  263): User 0 external modification to /data/data/com.android.providers.settings/databases/settings.db; event=8
D/SettingsProvider(  263): User 0 updating our caches for /data/data/com.android.providers.settings/databases/settings.db
D/dalvikvm(  263): GC_FOR_ALLOC freed 126K, 6% free 7228K/7672K, paused 22ms, total 23ms
D/dalvikvm(  263): GC_FOR_ALLOC freed 30K, 6% free 7569K/8044K, paused 10ms, total 10ms
V/camera  ( 1122): stopPreview
D/EmulatedCamera_HostClient(  172): queryStop cmd:4, datasize:0.
D/EmulatedCamera_HostClient(  172): queryDisconnect cmd:5, datasize:0.
D/        (  172): HostConnection::get() New Host Connection established 0xb8592120, tid 316
I/CameraClient(  172): Destroying camera 0
W/EGL_emulation(  435): eglSurfaceAttrib not implemented 3093 12436
W/ContextImpl(  263): Calling a method in the system process without a qualified user: android.app.ContextImpl.sendBroadcast:1123 com.android.server.InputMethodManagerService.hideCurrentInputLocked:1880 com.android.server.InputMethodManagerService.windowGainedFocus:1968 com.android.internal.view.IInputMethodManager$Stub.onTransact:221 com.android.server.InputMethodManagerService.onTransact:818 
E/EGL_emulation( 1122): egl: destroying current context refused
W/libEGL  ( 1122): eglTerminate() called w/ 1 objects remaining
D/AndroidRuntime( 1251): 
D/AndroidRuntime( 1251): >>>>>> AndroidRuntime START com.android.internal.os.RuntimeInit <<<<<<
D/AndroidRuntime( 1251): CheckJNI is OFF
D/dalvikvm( 1251): Using executionMode 2
D/dalvikvm( 1251): Trying to load lib libjavacore.so 0x0
D/dalvikvm( 1251): Added shared lib libjavacore.so 0x0
D/dalvikvm( 1251): Trying to load lib libnativehelper.so 0x0
D/dalvikvm( 1251): Added shared lib libnativehelper.so 0x0
D/dalvikvm( 1251): No JNI_OnLoad found in libnativehelper.so 0x0, skipping init
D/dalvikvm( 1251): Note: class Landroid/app/ActivityManagerNative; has 179 unimplemented (abstract) methods
E/memtrack( 1251): Couldn't load memtrack module (No such file or directory)
E/android.os.Debug( 1251): failed to load memtrack module: -2
D/AndroidRuntime( 1251): Calling main entry com.android.commands.pm.Pm
D/AndroidRuntime( 1251): Shutting down VM
E/cutils-trace( 1251): Error opening trace file: No such file or directory (2)
D/dalvikvm( 1251): GC_CONCURRENT freed 148K, 22% free 567K/720K, paused 0ms+0ms, total 1ms
D/SettingsProvider(  263): User 0 external modification to /data/data/com.android.providers.settings/databases/settings.db; event=8
D/SettingsProvider(  263): User 0 updating our caches for /data/data/com.android.providers.settings/databases/settings.db
E/shadowsocks( 1183): getpeername: Transport endpoint is not connected
D/SettingsProvider(  263): User 0 external modification to /data/data/com.android.providers.settings/databases/settings.db; event=8
D/SettingsProvider(  263): User 0 updating our caches for /data/data/com.android.providers.settings/databases/settings.db
E/shadowsocks( 1183): getpeername: Transport endpoint is not connected
E/shadowsocks( 1183): getpeername: Transport endpoint is not connected
E/shadowsocks( 1183): getpeername: Transport endpoint is not connected
E/shadowsocks( 1183): getpeername: Transport endpoint is not connected
E/NOX     (   67): recv() error
D/NOX     (   67): Socket read error
E/shadowsocks( 1183): getpeername: Transport endpoint is not connected
E/shadowsocks( 1183): getpeername: Transport endpoint is not connected
E/shadowsocks( 1183): getpeername: Transport endpoint is not connected
E/shadowsocks( 1183): getpeername: Transport endpoint is not connected
E/shadowsocks( 1183): getpeername: Transport endpoint is not connected
E/shadowsocks( 1183): getpeername: Transport endpoint is not connected
E/shadowsocks( 1183): getpeername: Transport endpoint is not connected
E/shadowsocks( 1183): getpeername: Transport endpoint is not connected
E/shadowsocks( 1183): getpeername: Transport endpoint is not connected
E/shadowsocks( 1183): getpeername: Transport endpoint is not connected
E/shadowsocks( 1183): getpeername: Transport endpoint is not connected
E/shadowsocks( 1183): getpeername: Transport endpoint is not connected
E/shadowsocks( 1183): getpeername: Transport endpoint is not connected
E/shadowsocks( 1183): getpeername: Transport endpoint is not connected
E/shadowsocks( 1183): getpeername: Transport endpoint is not connected
E/shadowsocks( 1183): getpeername: Transport endpoint is not connected
E/shadowsocks( 1183): getpeername: Transport endpoint is not connected
E/shadowsocks( 1183): getpeername: Transport endpoint is not connected
E/shadowsocks( 1183): getpeername: Transport endpoint is not connected
E/shadowsocks( 1183): getpeername: Transport endpoint is not connected
E/shadowsocks( 1183): getpeername: Transport endpoint is not connected
D/dalvikvm(  263): GC_CONCURRENT freed 1009K, 13% free 7594K/8668K, paused 11ms+1ms, total 24ms
E/shadowsocks( 1183): getpeername: Transport endpoint is not connected
E/shadowsocks( 1183): getpeername: Transport endpoint is not connected
E/shadowsocks( 1183): getpeername: Transport endpoint is not connected
E/shadowsocks( 1183): getpeername: Transport endpoint is not connected
E/shadowsocks( 1183): getpeername: Transport endpoint is not connected
E/shadowsocks( 1183): getpeername: Transport endpoint is not connected
E/shadowsocks( 1183): getpeername: Transport endpoint is not connected
E/shadowsocks( 1183): getpeername: Transport endpoint is not connected
E/shadowsocks( 1183): getpeername: Transport endpoint is not connected
E/shadowsocks( 1183): getpeername: Transport endpoint is not connected
D/ConnectivityService(  263): Sampling interval elapsed, updating statistics ..
D/ConnectivityService(  263): Done.
D/ConnectivityService(  263): Setting timer for 720seconds
E/shadowsocks( 1183): getpeername: Transport endpoint is not connected
E/shadowsocks( 1183): getpeername: Transport endpoint is not connected
E/shadowsocks( 1183): getpeername: Transport endpoint is not connected
E/shadowsocks( 1183): getpeername: Transport endpoint is not connected
E/shadowsocks( 1183): getpeername: Transport endpoint is not connected
E/shadowsocks( 1183): getpeername: Transport endpoint is not connected
E/shadowsocks( 1183): getpeername: Transport endpoint is not connected
E/shadowsocks( 1183): getpeername: Transport endpoint is not connected
E/shadowsocks( 1183): getpeername: Transport endpoint is not connected
E/shadowsocks( 1183): getpeername: Transport endpoint is not connected
E/shadowsocks( 1183): getpeername: Transport endpoint is not connected
E/shadowsocks( 1183): getpeername: Transport endpoint is not connected
E/shadowsocks( 1183): getpeername: Transport endpoint is not connected
E/shadowsocks( 1183): getpeername: Transport endpoint is not connected
E/shadowsocks( 1183): getpeername: Transport endpoint is not connected
E/shadowsocks( 1183): getpeername: Transport endpoint is not connected
E/shadowsocks( 1183): getpeername: Transport endpoint is not connected
E/shadowsocks( 1183): getpeername: Transport endpoint is not connected
E/shadowsocks( 1183): getpeername: Transport endpoint is not connected
E/shadowsocks( 1183): getpeername: Transport endpoint is not connected
E/shadowsocks( 1183): getpeername: Transport endpoint is not connected
E/shadowsocks( 1183): getpeername: Transport endpoint is not connected
E/shadowsocks( 1183): getpeername: Transport endpoint is not connected
E/shadowsocks( 1183): getpeername: Transport endpoint is not connected
E/shadowsocks( 1183): getpeername: Transport endpoint is not connected
E/shadowsocks( 1183): getpeername: Transport endpoint is not connected
E/shadowsocks( 1183): getpeername: Transport endpoint is not connected
E/shadowsocks( 1183): getpeername: Transport endpoint is not connected
E/shadowsocks( 1183): getpeername: Transport endpoint is not connected
E/shadowsocks( 1183): getpeername: Transport endpoint is not connected
E/shadowsocks( 1183): getpeername: Transport endpoint is not connected
E/shadowsocks( 1183): getpeername: Transport endpoint is not connected
E/shadowsocks( 1183): getpeername: Transport endpoint is not connected
E/shadowsocks( 1183): getpeername: Transport endpoint is not connected
E/shadowsocks( 1183): getpeername: Transport endpoint is not connected
E/shadowsocks( 1183): getpeername: Transport endpoint is not connected
D/dalvikvm(  424): GC_CONCURRENT freed 282K, 9% free 3442K/3780K, paused 2ms+0ms, total 9ms
E/shadowsocks( 1183): getpeername: Transport endpoint is not connected
E/shadowsocks( 1183): getpeername: Transport endpoint is not connected
E/shadowsocks( 1183): getpeername: Transport endpoint is not connected
E/shadowsocks( 1183): getpeername: Transport endpoint is not connected
D/ConnectivityService(  263): Sampling interval elapsed, updating statistics ..
D/ConnectivityService(  263): Done.
D/ConnectivityService(  263): Setting timer for 720seconds
E/shadowsocks( 1183): getpeername: Transport endpoint is not connected
E/shadowsocks( 1183): getpeername: Transport endpoint is not connected
E/shadowsocks( 1183): getpeername: Transport endpoint is not connected
E/shadowsocks( 1183): getpeername: Transport endpoint is not connected
E/shadowsocks( 1183): getpeername: Transport endpoint is not connected
E/shadowsocks( 1183): getpeername: Transport endpoint is not connected
E/shadowsocks( 1183): getpeername: Transport endpoint is not connected
E/shadowsocks( 1183): getpeername: Transport endpoint is not connected
E/shadowsocks( 1183): getpeername: Transport endpoint is not connected
E/shadowsocks( 1183): getpeername: Transport endpoint is not connected
E/shadowsocks( 1183): getpeername: Transport endpoint is not connected
E/shadowsocks( 1183): getpeername: Transport endpoint is not connected
E/shadowsocks( 1183): getpeername: Transport endpoint is not connected
E/shadowsocks( 1183): getpeername: Transport endpoint is not connected
E/shadowsocks( 1183): getpeername: Transport endpoint is not connected
W/BatteryStatsImpl(  263): Couldn't get kernel wake lock stats
E/shadowsocks( 1183): getpeername: Transport endpoint is not connected
E/shadowsocks( 1183): getpeername: Transport endpoint is not connected
E/shadowsocks( 1183): getpeername: Transport endpoint is not connected
I/ProcessStatsService(  263): Prepared write state in 0ms
I/ProcessStatsService(  263): Prepared write state in 1ms
I/ProcessStatsService(  263): Prepared write state in 1ms
E/shadowsocks( 1183): getpeername: Transport endpoint is not connected
E/shadowsocks( 1183): getpeername: Transport endpoint is not connected
E/shadowsocks( 1183): getpeername: Transport endpoint is not connected
E/shadowsocks( 1183): getpeername: Transport endpoint is not connected
E/shadowsocks( 1183): getpeername: Transport endpoint is not connected
E/shadowsocks( 1183): getpeername: Transport endpoint is not connected
D/SettingsProvider(  263): User 0 external modification to /data/data/com.android.providers.settings/databases/settings.db; event=8
D/SettingsProvider(  263): User 0 updating our caches for /data/data/com.android.providers.settings/databases/settings.db
E/shadowsocks( 1183): getpeername: Transport endpoint is not connected
E/shadowsocks( 1183): getpeername: Transport endpoint is not connected
E/shadowsocks( 1183): getpeername: Transport endpoint is not connected
E/shadowsocks( 1183): getpeername: Transport endpoint is not connected
E/shadowsocks( 1183): getpeername: Transport endpoint is not connected
E/shadowsocks( 1183): getpeername: Transport endpoint is not connected
E/shadowsocks( 1183): getpeername: Transport endpoint is not connected
E/shadowsocks( 1183): getpeername: Transport endpoint is not connected
E/shadowsocks( 1183): getpeername: Transport endpoint is not connected
E/shadowsocks( 1183): getpeername: Transport endpoint is not connected
E/shadowsocks( 1183): getpeername: Transport endpoint is not connected
E/shadowsocks( 1183): getpeername: Transport endpoint is not connected
E/shadowsocks( 1183): getpeername: Transport endpoint is not connected
E/shadowsocks( 1183): getpeername: Transport endpoint is not connected
